../Core/Src/main.c:57:5:__io_putchar	2
../Core/Src/main.c:91:5:main	1
../Core/Src/main.c:145:6:SystemClock_Config	4
../Core/Src/main.c:206:13:MX_DFSDM1_Init	2
../Core/Src/main.c:244:13:MX_I2C2_Init	4
../Core/Src/main.c:292:13:MX_QUADSPI_Init	2
../Core/Src/main.c:325:13:MX_SPI3_Init	2
../Core/Src/main.c:365:13:MX_USART1_UART_Init	2
../Core/Src/main.c:400:13:MX_USART3_UART_Init	2
../Core/Src/main.c:435:13:MX_USB_OTG_FS_PCD_Init	2
../Core/Src/main.c:470:13:MX_GPIO_Init	1
../Core/Src/main.c:666:6:Error_Handler	1
