17:09:27 **** Incremental Build of configuration Debug for project Practica 2 ****
make -j8 all 
arm-none-eabi-gcc "../Core/Src/LedAnimationTask.c" -mcpu=cortex-m4 -std=gnu11 -g3 -DDEBUG -DUSE_HAL_DRIVER -DSTM32L475xx -c -I../Core/Inc -I../Drivers/STM32L4xx_HAL_Driver/Inc -I../Drivers/STM32L4xx_HAL_Driver/Inc/Legacy -I../Drivers/CMSIS/Device/ST/STM32L4xx/Include -I../Drivers/CMSIS/Include -I../Middlewares/Third_Party/FreeRTOS/Source/include -I../Middlewares/Third_Party/FreeRTOS/Source/CMSIS_RTOS_V2 -I../Middlewares/Third_Party/FreeRTOS/Source/portable/GCC/ARM_CM4F -O0 -ffunction-sections -fdata-sections -Wall -fstack-usage -fcyclomatic-complexity -MMD -MP -MF"Core/Src/LedAnimationTask.d" -MT"Core/Src/LedAnimationTask.o" --specs=nano.specs -mfpu=fpv4-sp-d16 -mfloat-abi=hard -mthumb -o "Core/Src/LedAnimationTask.o"
arm-none-eabi-gcc "../Core/Src/main.c" -mcpu=cortex-m4 -std=gnu11 -g3 -DDEBUG -DUSE_HAL_DRIVER -DSTM32L475xx -c -I../Core/Inc -I../Drivers/STM32L4xx_HAL_Driver/Inc -I../Drivers/STM32L4xx_HAL_Driver/Inc/Legacy -I../Drivers/CMSIS/Device/ST/STM32L4xx/Include -I../Drivers/CMSIS/Include -I../Middlewares/Third_Party/FreeRTOS/Source/include -I../Middlewares/Third_Party/FreeRTOS/Source/CMSIS_RTOS_V2 -I../Middlewares/Third_Party/FreeRTOS/Source/portable/GCC/ARM_CM4F -O0 -ffunction-sections -fdata-sections -Wall -fstack-usage -fcyclomatic-complexity -MMD -MP -MF"Core/Src/main.d" -MT"Core/Src/main.o" --specs=nano.specs -mfpu=fpv4-sp-d16 -mfloat-abi=hard -mthumb -o "Core/Src/main.o"
../Core/Src/LedAnimationTask.c: In function 'LedTAnimationTask':
../Core/Src/LedAnimationTask.c:10:9: error: unknown type name 'uint8_t'
   10 |         uint8_t nButtom = readJoy();
      |         ^~~~~~~
../Core/Src/LedAnimationTask.c:1:1: note: 'uint8_t' is defined in header '<stdint.h>'; did you forget to '#include <stdint.h>'?
  +++ |+#include <stdint.h>
    1 | /*
../Core/Src/LedAnimationTask.c:10:27: warning: implicit declaration of function 'readJoy' [-Wimplicit-function-declaration]
   10 |         uint8_t nButtom = readJoy();
      |                           ^~~~~~~
../Core/Src/LedAnimationTask.c:15:42: warning: implicit declaration of function 'LED_Off' [-Wimplicit-function-declaration]
   15 |                                          LED_Off(0);
      |                                          ^~~~~~~
../Core/Src/LedAnimationTask.c:20:43: warning: implicit declaration of function 'animation1' [-Wimplicit-function-declaration]
   20 |                                           animation1();
      |                                           ^~~~~~~~~~
../Core/Src/LedAnimationTask.c:23:42: warning: implicit declaration of function 'animation2' [-Wimplicit-function-declaration]
   23 |                                          animation2();
      |                                          ^~~~~~~~~~
../Core/Src/LedAnimationTask.c:26:42: warning: implicit declaration of function 'animation3' [-Wimplicit-function-declaration]
   26 |                                          animation3();
      |                                          ^~~~~~~~~~
../Core/Src/LedAnimationTask.c: In function 'CreateLedAnimationTask':
../Core/Src/LedAnimationTask.c:33:9: warning: implicit declaration of function 'xTaskCreate' [-Wimplicit-function-declaration]
   33 |         xTaskCreate(LedTAnimationTask, "LedTAnimationTask", 128, NULL, 1, NULL);
      |         ^~~~~~~~~~~
../Core/Src/LedAnimationTask.c:33:66: error: 'NULL' undeclared (first use in this function)
   33 |         xTaskCreate(LedTAnimationTask, "LedTAnimationTask", 128, NULL, 1, NULL);
      |                                                                  ^~~~
../Core/Src/LedAnimationTask.c:1:1: note: 'NULL' is defined in header '<stddef.h>'; did you forget to '#include <stddef.h>'?
  +++ |+#include <stddef.h>
    1 | /*
../Core/Src/LedAnimationTask.c:33:66: note: each undeclared identifier is reported only once for each function it appears in
   33 |         xTaskCreate(LedTAnimationTask, "LedTAnimationTask", 128, NULL, 1, NULL);
      |                                                                  ^~~~
../Core/Src/LedAnimationTask.c: At top level:
../Core/Src/LedAnimationTask.c:36:6: warning: conflicting types for 'animation1'; have 'void()'
   36 | void animation1(){
      |      ^~~~~~~~~~
../Core/Src/LedAnimationTask.c:20:43: note: previous implicit declaration of 'animation1' with type 'void()'
   20 |                                           animation1();
      |                                           ^~~~~~~~~~
../Core/Src/LedAnimationTask.c: In function 'animation1':
../Core/Src/LedAnimationTask.c:40:17: warning: implicit declaration of function 'LED_Toggle' [-Wimplicit-function-declaration]
   40 |                 LED_Toggle(0);
      |                 ^~~~~~~~~~
../Core/Src/LedAnimationTask.c:41:17: warning: implicit declaration of function 'HAL_Delay' [-Wimplicit-function-declaration]
   41 |                 HAL_Delay(200);
      |                 ^~~~~~~~~
../Core/Src/LedAnimationTask.c: At top level:
../Core/Src/LedAnimationTask.c:49:6: warning: conflicting types for 'animation2'; have 'void()'
   49 | void animation2(){
      |      ^~~~~~~~~~
../Core/Src/LedAnimationTask.c:23:42: note: previous implicit declaration of 'animation2' with type 'void()'
   23 |                                          animation2();
      |                                          ^~~~~~~~~~
../Core/Src/LedAnimationTask.c:61:6: warning: conflicting types for 'animation3'; have 'void()'
   61 | void animation3(){
      |      ^~~~~~~~~~
../Core/Src/LedAnimationTask.c:26:42: note: previous implicit declaration of 'animation3' with type 'void()'
   26 |                                          animation3();
      |                                          ^~~~~~~~~~
make: *** [Core/Src/subdir.mk:52: Core/Src/LedAnimationTask.o] Error 1
make: *** Waiting for unfinished jobs....
"make -j8 all" terminated with exit code 2. Build might be incomplete.
17:12:06 **** Incremental Build of configuration Debug for project Practica 2 ****
make -j8 all 
arm-none-eabi-gcc "../Core/Src/LedAnimationTask.c" -mcpu=cortex-m4 -std=gnu11 -g3 -DDEBUG -DUSE_HAL_DRIVER -DSTM32L475xx -c -I../Core/Inc -I../Drivers/STM32L4xx_HAL_Driver/Inc -I../Drivers/STM32L4xx_HAL_Driver/Inc/Legacy -I../Drivers/CMSIS/Device/ST/STM32L4xx/Include -I../Drivers/CMSIS/Include -I../Middlewares/Third_Party/FreeRTOS/Source/include -I../Middlewares/Third_Party/FreeRTOS/Source/CMSIS_RTOS_V2 -I../Middlewares/Third_Party/FreeRTOS/Source/portable/GCC/ARM_CM4F -O0 -ffunction-sections -fdata-sections -Wall -fstack-usage -fcyclomatic-complexity -MMD -MP -MF"Core/Src/LedAnimationTask.d" -MT"Core/Src/LedAnimationTask.o" --specs=nano.specs -mfpu=fpv4-sp-d16 -mfloat-abi=hard -mthumb -o "Core/Src/LedAnimationTask.o"
arm-none-eabi-gcc -o "Practica 2.elf" @"objects.list"   -mcpu=cortex-m4 -T"/home/pinkyflowy/SETR/Practica1/Practica 2/STM32L475VGTX_FLASH.ld" --specs=nosys.specs -Wl,-Map="Practica 2.map" -Wl,--gc-sections -static --specs=nano.specs -mfpu=fpv4-sp-d16 -mfloat-abi=hard -mthumb -Wl,--start-group -lc -lm -Wl,--end-group
Finished building target: Practica 2.elf
 
arm-none-eabi-size  Practica\ 2.elf 
arm-none-eabi-objdump -h -S Practica\ 2.elf  > "Practica 2.list"
   text	   data	    bss	    dec	    hex	filename
  19972	    100	  35532	  55604	   d934	Practica 2.elf
Finished building: default.size.stdout
 
Finished building: Practica 2.list
 
17:15:57 **** Incremental Build of configuration Debug for project Practica 2 ****
make -j8 all 
arm-none-eabi-gcc "../Core/Src/LedAnimationTask.c" -mcpu=cortex-m4 -std=gnu11 -g3 -DDEBUG -DUSE_HAL_DRIVER -DSTM32L475xx -c -I../Core/Inc -I../Drivers/STM32L4xx_HAL_Driver/Inc -I../Drivers/STM32L4xx_HAL_Driver/Inc/Legacy -I../Drivers/CMSIS/Device/ST/STM32L4xx/Include -I../Drivers/CMSIS/Include -I../Middlewares/Third_Party/FreeRTOS/Source/include -I../Middlewares/Third_Party/FreeRTOS/Source/CMSIS_RTOS_V2 -I../Middlewares/Third_Party/FreeRTOS/Source/portable/GCC/ARM_CM4F -O0 -ffunction-sections -fdata-sections -Wall -fstack-usage -fcyclomatic-complexity -MMD -MP -MF"Core/Src/LedAnimationTask.d" -MT"Core/Src/LedAnimationTask.o" --specs=nano.specs -mfpu=fpv4-sp-d16 -mfloat-abi=hard -mthumb -o "Core/Src/LedAnimationTask.o"
arm-none-eabi-gcc -o "Practica 2.elf" @"objects.list"   -mcpu=cortex-m4 -T"/home/pinkyflowy/SETR/Practica1/Practica 2/STM32L475VGTX_FLASH.ld" --specs=nosys.specs -Wl,-Map="Practica 2.map" -Wl,--gc-sections -static --specs=nano.specs -mfpu=fpv4-sp-d16 -mfloat-abi=hard -mthumb -Wl,--start-group -lc -lm -Wl,--end-group
Finished building target: Practica 2.elf
 
arm-none-eabi-size  Practica\ 2.elf 
arm-none-eabi-objdump -h -S Practica\ 2.elf  > "Practica 2.list"
   text	   data	    bss	    dec	    hex	filename
  20004	    100	  35532	  55636	   d954	Practica 2.elf
Finished building: default.size.stdout
 
Finished building: Practica 2.list
 
17:16:36 **** Incremental Build of configuration Debug for project Practica 2 ****
make -j8 all 
arm-none-eabi-gcc "../Core/Src/main.c" -mcpu=cortex-m4 -std=gnu11 -g3 -DDEBUG -DUSE_HAL_DRIVER -DSTM32L475xx -c -I../Core/Inc -I../Drivers/STM32L4xx_HAL_Driver/Inc -I../Drivers/STM32L4xx_HAL_Driver/Inc/Legacy -I../Drivers/CMSIS/Device/ST/STM32L4xx/Include -I../Drivers/CMSIS/Include -I../Middlewares/Third_Party/FreeRTOS/Source/include -I../Middlewares/Third_Party/FreeRTOS/Source/CMSIS_RTOS_V2 -I../Middlewares/Third_Party/FreeRTOS/Source/portable/GCC/ARM_CM4F -O0 -ffunction-sections -fdata-sections -Wall -fstack-usage -fcyclomatic-complexity -MMD -MP -MF"Core/Src/main.d" -MT"Core/Src/main.o" --specs=nano.specs -mfpu=fpv4-sp-d16 -mfloat-abi=hard -mthumb -o "Core/Src/main.o"
arm-none-eabi-gcc -o "Practica 2.elf" @"objects.list"   -mcpu=cortex-m4 -T"/home/pinkyflowy/SETR/Practica1/Practica 2/STM32L475VGTX_FLASH.ld" --specs=nosys.specs -Wl,-Map="Practica 2.map" -Wl,--gc-sections -static --specs=nano.specs -mfpu=fpv4-sp-d16 -mfloat-abi=hard -mthumb -Wl,--start-group -lc -lm -Wl,--end-group
Finished building target: Practica 2.elf
 
arm-none-eabi-size  Practica\ 2.elf 
arm-none-eabi-objdump -h -S Practica\ 2.elf  > "Practica 2.list"
   text	   data	    bss	    dec	    hex	filename
  19924	    100	  35532	  55556	   d904	Practica 2.elf
Finished building: default.size.stdout
 
Finished building: Practica 2.list
 
17:17:55 **** Incremental Build of configuration Debug for project Practica 2 ****
make -j8 all 
arm-none-eabi-gcc "../Core/Src/LedAnimationTask.c" -mcpu=cortex-m4 -std=gnu11 -g3 -DDEBUG -DUSE_HAL_DRIVER -DSTM32L475xx -c -I../Core/Inc -I../Drivers/STM32L4xx_HAL_Driver/Inc -I../Drivers/STM32L4xx_HAL_Driver/Inc/Legacy -I../Drivers/CMSIS/Device/ST/STM32L4xx/Include -I../Drivers/CMSIS/Include -I../Middlewares/Third_Party/FreeRTOS/Source/include -I../Middlewares/Third_Party/FreeRTOS/Source/CMSIS_RTOS_V2 -I../Middlewares/Third_Party/FreeRTOS/Source/portable/GCC/ARM_CM4F -O0 -ffunction-sections -fdata-sections -Wall -fstack-usage -fcyclomatic-complexity -MMD -MP -MF"Core/Src/LedAnimationTask.d" -MT"Core/Src/LedAnimationTask.o" --specs=nano.specs -mfpu=fpv4-sp-d16 -mfloat-abi=hard -mthumb -o "Core/Src/LedAnimationTask.o"
arm-none-eabi-gcc -o "Practica 2.elf" @"objects.list"   -mcpu=cortex-m4 -T"/home/pinkyflowy/SETR/Practica1/Practica 2/STM32L475VGTX_FLASH.ld" --specs=nosys.specs -Wl,-Map="Practica 2.map" -Wl,--gc-sections -static --specs=nano.specs -mfpu=fpv4-sp-d16 -mfloat-abi=hard -mthumb -Wl,--start-group -lc -lm -Wl,--end-group
Finished building target: Practica 2.elf
 
arm-none-eabi-size  Practica\ 2.elf 
arm-none-eabi-objdump -h -S Practica\ 2.elf  > "Practica 2.list"
   text	   data	    bss	    dec	    hex	filename
  19924	    100	  35532	  55556	   d904	Practica 2.elf
Finished building: default.size.stdout
 
Finished building: Practica 2.list
 
17:20:04 **** Incremental Build of configuration Debug for project Practica 2 ****
make -j8 all 
arm-none-eabi-gcc "../Core/Src/LedAnimationTask.c" -mcpu=cortex-m4 -std=gnu11 -g3 -DDEBUG -DUSE_HAL_DRIVER -DSTM32L475xx -c -I../Core/Inc -I../Drivers/STM32L4xx_HAL_Driver/Inc -I../Drivers/STM32L4xx_HAL_Driver/Inc/Legacy -I../Drivers/CMSIS/Device/ST/STM32L4xx/Include -I../Drivers/CMSIS/Include -I../Middlewares/Third_Party/FreeRTOS/Source/include -I../Middlewares/Third_Party/FreeRTOS/Source/CMSIS_RTOS_V2 -I../Middlewares/Third_Party/FreeRTOS/Source/portable/GCC/ARM_CM4F -O0 -ffunction-sections -fdata-sections -Wall -fstack-usage -fcyclomatic-complexity -MMD -MP -MF"Core/Src/LedAnimationTask.d" -MT"Core/Src/LedAnimationTask.o" --specs=nano.specs -mfpu=fpv4-sp-d16 -mfloat-abi=hard -mthumb -o "Core/Src/LedAnimationTask.o"
arm-none-eabi-gcc -o "Practica 2.elf" @"objects.list"   -mcpu=cortex-m4 -T"/home/pinkyflowy/SETR/Practica1/Practica 2/STM32L475VGTX_FLASH.ld" --specs=nosys.specs -Wl,-Map="Practica 2.map" -Wl,--gc-sections -static --specs=nano.specs -mfpu=fpv4-sp-d16 -mfloat-abi=hard -mthumb -Wl,--start-group -lc -lm -Wl,--end-group
Finished building target: Practica 2.elf
 
arm-none-eabi-size  Practica\ 2.elf 
arm-none-eabi-objdump -h -S Practica\ 2.elf  > "Practica 2.list"
   text	   data	    bss	    dec	    hex	filename
  19924	    100	  35532	  55556	   d904	Practica 2.elf
Finished building: default.size.stdout
 
Finished building: Practica 2.list
 
18:17:40 **** Incremental Build of configuration Debug for project Practica 2 ****
make -j8 all 
arm-none-eabi-gcc "../Core/Src/LedAnimationTask.c" -mcpu=cortex-m4 -std=gnu11 -g3 -DDEBUG -DUSE_HAL_DRIVER -DSTM32L475xx -c -I../Core/Inc -I../Drivers/STM32L4xx_HAL_Driver/Inc -I../Drivers/STM32L4xx_HAL_Driver/Inc/Legacy -I../Drivers/CMSIS/Device/ST/STM32L4xx/Include -I../Drivers/CMSIS/Include -I../Middlewares/Third_Party/FreeRTOS/Source/include -I../Middlewares/Third_Party/FreeRTOS/Source/CMSIS_RTOS_V2 -I../Middlewares/Third_Party/FreeRTOS/Source/portable/GCC/ARM_CM4F -O0 -ffunction-sections -fdata-sections -Wall -fstack-usage -fcyclomatic-complexity -MMD -MP -MF"Core/Src/LedAnimationTask.d" -MT"Core/Src/LedAnimationTask.o" --specs=nano.specs -mfpu=fpv4-sp-d16 -mfloat-abi=hard -mthumb -o "Core/Src/LedAnimationTask.o"
../Core/Src/LedAnimationTask.c: In function 'CreateLedAnimationTask':
../Core/Src/LedAnimationTask.c:77:68: warning: passing argument 4 of 'xTaskCreate' makes pointer from integer without a cast [-Wint-conversion]
   77 |         xTaskCreate(LedTAnimation1Task, "LedTAnimation1Task", 128, 1, 1, NULL);
      |                                                                    ^
      |                                                                    |
      |                                                                    int
In file included from ../Core/Inc/LedAnimationTask.h:14,
                 from ../Core/Src/LedAnimationTask.c:7:
../Middlewares/Third_Party/FreeRTOS/Source/include/task.h:333:70: note: expected 'void * const' but argument is of type 'int'
  333 |                                                         void * const pvParameters,
      |                                                         ~~~~~~~~~~~~~^~~~~~~~~~~~
../Core/Src/LedAnimationTask.c:78:68: warning: passing argument 4 of 'xTaskCreate' makes pointer from integer without a cast [-Wint-conversion]
   78 |         xTaskCreate(LedTAnimation2Task, "LedTAnimation2Task", 128, 1, 1, NULL);
      |                                                                    ^
      |                                                                    |
      |                                                                    int
../Middlewares/Third_Party/FreeRTOS/Source/include/task.h:333:70: note: expected 'void * const' but argument is of type 'int'
  333 |                                                         void * const pvParameters,
      |                                                         ~~~~~~~~~~~~~^~~~~~~~~~~~
../Core/Src/LedAnimationTask.c:79:68: warning: passing argument 4 of 'xTaskCreate' makes pointer from integer without a cast [-Wint-conversion]
   79 |         xTaskCreate(LedTAnimation3Task, "LedTAnimation3Task", 128, 1, 1, NULL);
      |                                                                    ^
      |                                                                    |
      |                                                                    int
../Middlewares/Third_Party/FreeRTOS/Source/include/task.h:333:70: note: expected 'void * const' but argument is of type 'int'
  333 |                                                         void * const pvParameters,
      |                                                         ~~~~~~~~~~~~~^~~~~~~~~~~~
arm-none-eabi-gcc -o "Practica 2.elf" @"objects.list"   -mcpu=cortex-m4 -T"/home/pinkyflowy/SETR/Practica1/Practica 2/STM32L475VGTX_FLASH.ld" --specs=nosys.specs -Wl,-Map="Practica 2.map" -Wl,--gc-sections -static --specs=nano.specs -mfpu=fpv4-sp-d16 -mfloat-abi=hard -mthumb -Wl,--start-group -lc -lm -Wl,--end-group
Finished building target: Practica 2.elf
 
arm-none-eabi-size  Practica\ 2.elf 
arm-none-eabi-objdump -h -S Practica\ 2.elf  > "Practica 2.list"
   text	   data	    bss	    dec	    hex	filename
  19788	     96	  35528	  55412	   d874	Practica 2.elf
Finished building: default.size.stdout
 
Finished building: Practica 2.list
 
18:18:18 **** Incremental Build of configuration Debug for project Practica 2 ****
make -j8 all 
arm-none-eabi-size  Practica\ 2.elf 
   text	   data	    bss	    dec	    hex	filename
  19788	     96	  35528	  55412	   d874	Practica 2.elf
Finished building: default.size.stdout
 
16:18:21 **** Incremental Build of configuration Debug for project Practica 2 ****
make -j8 all 
arm-none-eabi-gcc "../Core/Src/LedTask.c" -mcpu=cortex-m4 -std=gnu11 -g3 -DDEBUG -DUSE_HAL_DRIVER -DSTM32L475xx -c -I../Core/Inc -I../Drivers/STM32L4xx_HAL_Driver/Inc -I../Drivers/STM32L4xx_HAL_Driver/Inc/Legacy -I../Drivers/CMSIS/Device/ST/STM32L4xx/Include -I../Drivers/CMSIS/Include -I../Middlewares/Third_Party/FreeRTOS/Source/include -I../Middlewares/Third_Party/FreeRTOS/Source/CMSIS_RTOS_V2 -I../Middlewares/Third_Party/FreeRTOS/Source/portable/GCC/ARM_CM4F -O0 -ffunction-sections -fdata-sections -Wall -fstack-usage -fcyclomatic-complexity -MMD -MP -MF"Core/Src/LedTask.d" -MT"Core/Src/LedTask.o" --specs=nano.specs -mfpu=fpv4-sp-d16 -mfloat-abi=hard -mthumb -o "Core/Src/LedTask.o"
arm-none-eabi-gcc "../Core/Src/main.c" -mcpu=cortex-m4 -std=gnu11 -g3 -DDEBUG -DUSE_HAL_DRIVER -DSTM32L475xx -c -I../Core/Inc -I../Drivers/STM32L4xx_HAL_Driver/Inc -I../Drivers/STM32L4xx_HAL_Driver/Inc/Legacy -I../Drivers/CMSIS/Device/ST/STM32L4xx/Include -I../Drivers/CMSIS/Include -I../Middlewares/Third_Party/FreeRTOS/Source/include -I../Middlewares/Third_Party/FreeRTOS/Source/CMSIS_RTOS_V2 -I../Middlewares/Third_Party/FreeRTOS/Source/portable/GCC/ARM_CM4F -O0 -ffunction-sections -fdata-sections -Wall -fstack-usage -fcyclomatic-complexity -MMD -MP -MF"Core/Src/main.d" -MT"Core/Src/main.o" --specs=nano.specs -mfpu=fpv4-sp-d16 -mfloat-abi=hard -mthumb -o "Core/Src/main.o"
In file included from ../Core/Src/main.c:25:
../Core/Inc/LedTask.h:27:1: warning: data definition has no type or storage class
   27 | ButtonTask (void * pargs);
      | ^~~~~~~~~~
In file included from ../Core/Src/LedTask.c:7:
../Core/Inc/LedTask.h:27:1: warning: data definition has no type or storage class
   27 | ButtonTask (void * pargs);
      | ^~~~~~~~~~
../Core/Inc/LedTask.h:27:1: warning: type defaults to 'int' in declaration of 'ButtonTask' [-Wimplicit-int]
../Core/Inc/LedTask.h:27:1: warning: type defaults to 'int' in declaration of 'ButtonTask' [-Wimplicit-int]
../Core/Src/LedTask.c: In function 'LedToggleTask':
../Core/Src/LedTask.c:13:24: warning: cast from pointer to integer of different size [-Wpointer-to-int-cast]
   13 |         uint8_t nLed = (uint8_t) pargs;
      |                        ^
../Core/Src/LedTask.c:13:17: warning: unused variable 'nLed' [-Wunused-variable]
   13 |         uint8_t nLed = (uint8_t) pargs;
      |                 ^~~~
../Core/Src/LedTask.c: At top level:
../Core/Src/LedTask.c:52:6: error: conflicting types for 'ButtonTask'; have 'void(void *)'
   52 | void ButtonTask (void * pargs){
      |      ^~~~~~~~~~
../Core/Inc/LedTask.h:27:1: note: previous declaration of 'ButtonTask' with type 'int(void *)'
   27 | ButtonTask (void * pargs);
      | ^~~~~~~~~~
../Core/Src/LedTask.c: In function 'CreateLedTask':
../Core/Src/LedTask.c:73:52: warning: passing argument 4 of 'xTaskCreate' makes pointer from integer without a cast [-Wint-conversion]
   73 |         xTaskCreate(ButtonTask, "ButtonTask", 128, 1, 1, NULL);
      |                                                    ^
      |                                                    |
      |                                                    int
In file included from ../Core/Inc/LedTask.h:20:
../Middlewares/Third_Party/FreeRTOS/Source/include/task.h:333:70: note: expected 'void * const' but argument is of type 'int'
  333 |                                                         void * const pvParameters,
      |                                                         ~~~~~~~~~~~~~^~~~~~~~~~~~
make: *** [Core/Src/subdir.mk:52: Core/Src/LedTask.o] Error 1
make: *** Waiting for unfinished jobs....
"make -j8 all" terminated with exit code 2. Build might be incomplete.
16:19:38 **** Incremental Build of configuration Debug for project Practica 2 ****
make -j8 all 
arm-none-eabi-gcc "../Core/Src/LedTask.c" -mcpu=cortex-m4 -std=gnu11 -g3 -DDEBUG -DUSE_HAL_DRIVER -DSTM32L475xx -c -I../Core/Inc -I../Drivers/STM32L4xx_HAL_Driver/Inc -I../Drivers/STM32L4xx_HAL_Driver/Inc/Legacy -I../Drivers/CMSIS/Device/ST/STM32L4xx/Include -I../Drivers/CMSIS/Include -I../Middlewares/Third_Party/FreeRTOS/Source/include -I../Middlewares/Third_Party/FreeRTOS/Source/CMSIS_RTOS_V2 -I../Middlewares/Third_Party/FreeRTOS/Source/portable/GCC/ARM_CM4F -O0 -ffunction-sections -fdata-sections -Wall -fstack-usage -fcyclomatic-complexity -MMD -MP -MF"Core/Src/LedTask.d" -MT"Core/Src/LedTask.o" --specs=nano.specs -mfpu=fpv4-sp-d16 -mfloat-abi=hard -mthumb -o "Core/Src/LedTask.o"
In file included from ../Core/Src/LedTask.c:7:
../Core/Inc/LedTask.h:27:1: warning: data definition has no type or storage class
   27 | ButtonTask (void * pargs);
      | ^~~~~~~~~~
../Core/Inc/LedTask.h:27:1: warning: type defaults to 'int' in declaration of 'ButtonTask' [-Wimplicit-int]
../Core/Src/LedTask.c: In function 'LedToggleTask':
../Core/Src/LedTask.c:13:24: warning: cast from pointer to integer of different size [-Wpointer-to-int-cast]
   13 |         uint8_t nLed = (uint8_t) pargs;
      |                        ^
../Core/Src/LedTask.c:13:17: warning: unused variable 'nLed' [-Wunused-variable]
   13 |         uint8_t nLed = (uint8_t) pargs;
      |                 ^~~~
../Core/Src/LedTask.c: At top level:
../Core/Src/LedTask.c:52:6: error: conflicting types for 'ButtonTask'; have 'void(void *)'
   52 | void ButtonTask (void * pargs){
      |      ^~~~~~~~~~
../Core/Inc/LedTask.h:27:1: note: previous declaration of 'ButtonTask' with type 'int(void *)'
   27 | ButtonTask (void * pargs);
      | ^~~~~~~~~~
make: *** [Core/Src/subdir.mk:52: Core/Src/LedTask.o] Error 1
"make -j8 all" terminated with exit code 2. Build might be incomplete.
16:25:31 **** Incremental Build of configuration Debug for project Practica 2 ****
make -j8 all 
arm-none-eabi-gcc "../Core/Src/LedTask.c" -mcpu=cortex-m4 -std=gnu11 -g3 -DDEBUG -DUSE_HAL_DRIVER -DSTM32L475xx -c -I../Core/Inc -I../Drivers/STM32L4xx_HAL_Driver/Inc -I../Drivers/STM32L4xx_HAL_Driver/Inc/Legacy -I../Drivers/CMSIS/Device/ST/STM32L4xx/Include -I../Drivers/CMSIS/Include -I../Middlewares/Third_Party/FreeRTOS/Source/include -I../Middlewares/Third_Party/FreeRTOS/Source/CMSIS_RTOS_V2 -I../Middlewares/Third_Party/FreeRTOS/Source/portable/GCC/ARM_CM4F -O0 -ffunction-sections -fdata-sections -Wall -fstack-usage -fcyclomatic-complexity -MMD -MP -MF"Core/Src/LedTask.d" -MT"Core/Src/LedTask.o" --specs=nano.specs -mfpu=fpv4-sp-d16 -mfloat-abi=hard -mthumb -o "Core/Src/LedTask.o"
arm-none-eabi-gcc "../Core/Src/joy_driver.c" -mcpu=cortex-m4 -std=gnu11 -g3 -DDEBUG -DUSE_HAL_DRIVER -DSTM32L475xx -c -I../Core/Inc -I../Drivers/STM32L4xx_HAL_Driver/Inc -I../Drivers/STM32L4xx_HAL_Driver/Inc/Legacy -I../Drivers/CMSIS/Device/ST/STM32L4xx/Include -I../Drivers/CMSIS/Include -I../Middlewares/Third_Party/FreeRTOS/Source/include -I../Middlewares/Third_Party/FreeRTOS/Source/CMSIS_RTOS_V2 -I../Middlewares/Third_Party/FreeRTOS/Source/portable/GCC/ARM_CM4F -O0 -ffunction-sections -fdata-sections -Wall -fstack-usage -fcyclomatic-complexity -MMD -MP -MF"Core/Src/joy_driver.d" -MT"Core/Src/joy_driver.o" --specs=nano.specs -mfpu=fpv4-sp-d16 -mfloat-abi=hard -mthumb -o "Core/Src/joy_driver.o"
In file included from ../Core/Src/LedTask.c:7:
../Core/Inc/LedTask.h:27:1: warning: data definition has no type or storage class
   27 | ButtonTask (void * pargs);
      | ^~~~~~~~~~
../Core/Inc/LedTask.h:27:1: warning: type defaults to 'int' in declaration of 'ButtonTask' [-Wimplicit-int]
../Core/Src/LedTask.c: In function 'LedToggleTask':
../Core/Src/LedTask.c:13:24: warning: cast from pointer to integer of different size [-Wpointer-to-int-cast]
   13 |         uint8_t nLed = (uint8_t) pargs;
      |                        ^
../Core/Src/LedTask.c:13:17: warning: unused variable 'nLed' [-Wunused-variable]
   13 |         uint8_t nLed = (uint8_t) pargs;
      |                 ^~~~
../Core/Src/LedTask.c: At top level:
../Core/Src/LedTask.c:52:18: error: expected declaration specifiers or '...' before '{' token
   52 | void ButtonTask ({
      |                  ^
make: *** [Core/Src/subdir.mk:52: Core/Src/LedTask.o] Error 1
make: *** Waiting for unfinished jobs....
"make -j8 all" terminated with exit code 2. Build might be incomplete.
16:25:38 **** Incremental Build of configuration Debug for project Practica 2 ****
make -j8 all 
arm-none-eabi-gcc "../Core/Src/LedTask.c" -mcpu=cortex-m4 -std=gnu11 -g3 -DDEBUG -DUSE_HAL_DRIVER -DSTM32L475xx -c -I../Core/Inc -I../Drivers/STM32L4xx_HAL_Driver/Inc -I../Drivers/STM32L4xx_HAL_Driver/Inc/Legacy -I../Drivers/CMSIS/Device/ST/STM32L4xx/Include -I../Drivers/CMSIS/Include -I../Middlewares/Third_Party/FreeRTOS/Source/include -I../Middlewares/Third_Party/FreeRTOS/Source/CMSIS_RTOS_V2 -I../Middlewares/Third_Party/FreeRTOS/Source/portable/GCC/ARM_CM4F -O0 -ffunction-sections -fdata-sections -Wall -fstack-usage -fcyclomatic-complexity -MMD -MP -MF"Core/Src/LedTask.d" -MT"Core/Src/LedTask.o" --specs=nano.specs -mfpu=fpv4-sp-d16 -mfloat-abi=hard -mthumb -o "Core/Src/LedTask.o"
In file included from ../Core/Src/LedTask.c:7:
../Core/Inc/LedTask.h:27:1: warning: data definition has no type or storage class
   27 | ButtonTask (void * pargs);
      | ^~~~~~~~~~
../Core/Inc/LedTask.h:27:1: warning: type defaults to 'int' in declaration of 'ButtonTask' [-Wimplicit-int]
../Core/Src/LedTask.c: In function 'LedToggleTask':
../Core/Src/LedTask.c:13:24: warning: cast from pointer to integer of different size [-Wpointer-to-int-cast]
   13 |         uint8_t nLed = (uint8_t) pargs;
      |                        ^
../Core/Src/LedTask.c:13:17: warning: unused variable 'nLed' [-Wunused-variable]
   13 |         uint8_t nLed = (uint8_t) pargs;
      |                 ^~~~
../Core/Src/LedTask.c: At top level:
../Core/Src/LedTask.c:52:6: error: conflicting types for 'ButtonTask'; have 'void(void *)'
   52 | void ButtonTask (void * pargs){
      |      ^~~~~~~~~~
../Core/Inc/LedTask.h:27:1: note: previous declaration of 'ButtonTask' with type 'int(void *)'
   27 | ButtonTask (void * pargs);
      | ^~~~~~~~~~
make: *** [Core/Src/subdir.mk:52: Core/Src/LedTask.o] Error 1
"make -j8 all" terminated with exit code 2. Build might be incomplete.
16:27:16 **** Incremental Build of configuration Debug for project Practica 2 ****
make -j8 all 
arm-none-eabi-gcc "../Core/Src/LedTask.c" -mcpu=cortex-m4 -std=gnu11 -g3 -DDEBUG -DUSE_HAL_DRIVER -DSTM32L475xx -c -I../Core/Inc -I../Drivers/STM32L4xx_HAL_Driver/Inc -I../Drivers/STM32L4xx_HAL_Driver/Inc/Legacy -I../Drivers/CMSIS/Device/ST/STM32L4xx/Include -I../Drivers/CMSIS/Include -I../Middlewares/Third_Party/FreeRTOS/Source/include -I../Middlewares/Third_Party/FreeRTOS/Source/CMSIS_RTOS_V2 -I../Middlewares/Third_Party/FreeRTOS/Source/portable/GCC/ARM_CM4F -O0 -ffunction-sections -fdata-sections -Wall -fstack-usage -fcyclomatic-complexity -MMD -MP -MF"Core/Src/LedTask.d" -MT"Core/Src/LedTask.o" --specs=nano.specs -mfpu=fpv4-sp-d16 -mfloat-abi=hard -mthumb -o "Core/Src/LedTask.o"
arm-none-eabi-gcc "../Core/Src/main.c" -mcpu=cortex-m4 -std=gnu11 -g3 -DDEBUG -DUSE_HAL_DRIVER -DSTM32L475xx -c -I../Core/Inc -I../Drivers/STM32L4xx_HAL_Driver/Inc -I../Drivers/STM32L4xx_HAL_Driver/Inc/Legacy -I../Drivers/CMSIS/Device/ST/STM32L4xx/Include -I../Drivers/CMSIS/Include -I../Middlewares/Third_Party/FreeRTOS/Source/include -I../Middlewares/Third_Party/FreeRTOS/Source/CMSIS_RTOS_V2 -I../Middlewares/Third_Party/FreeRTOS/Source/portable/GCC/ARM_CM4F -O0 -ffunction-sections -fdata-sections -Wall -fstack-usage -fcyclomatic-complexity -MMD -MP -MF"Core/Src/main.d" -MT"Core/Src/main.o" --specs=nano.specs -mfpu=fpv4-sp-d16 -mfloat-abi=hard -mthumb -o "Core/Src/main.o"
../Core/Src/LedTask.c: In function 'LedToggleTask':
../Core/Src/LedTask.c:13:24: warning: cast from pointer to integer of different size [-Wpointer-to-int-cast]
   13 |         uint8_t nLed = (uint8_t) pargs;
      |                        ^
../Core/Src/LedTask.c:13:17: warning: unused variable 'nLed' [-Wunused-variable]
   13 |         uint8_t nLed = (uint8_t) pargs;
      |                 ^~~~
arm-none-eabi-gcc -o "Practica 2.elf" @"objects.list"   -mcpu=cortex-m4 -T"/home/pinkyflowy/SETR/Practica1/Practica 2/STM32L475VGTX_FLASH.ld" --specs=nosys.specs -Wl,-Map="Practica 2.map" -Wl,--gc-sections -static --specs=nano.specs -mfpu=fpv4-sp-d16 -mfloat-abi=hard -mthumb -Wl,--start-group -lc -lm -Wl,--end-group
/opt/st/stm32cubeide_1.19.0/plugins/com.st.stm32cube.ide.mcu.externaltools.gnu-tools-for-stm32.13.3.rel1.linux64_1.0.0.202410170706/tools/bin/../lib/gcc/arm-none-eabi/13.3.1/../../../../arm-none-eabi/bin/ld: ./Core/Src/LedTask.o: in function `animation1':
/home/pinkyflowy/SETR/Practica1/Practica 2/Debug/../Core/Src/LedTask.c:76: multiple definition of `animation1'; ./Core/Src/LedAnimationTask.o:/home/pinkyflowy/SETR/Practica1/Practica 2/Debug/../Core/Src/LedAnimationTask.c:82: first defined here
collect2: error: ld returned 1 exit status
make: *** [makefile:68: Practica 2.elf] Error 1
"make -j8 all" terminated with exit code 2. Build might be incomplete.
16:28:38 **** Incremental Build of configuration Debug for project Practica 2 ****
make -j8 all 
arm-none-eabi-gcc "../Core/Src/LedTask.c" -mcpu=cortex-m4 -std=gnu11 -g3 -DDEBUG -DUSE_HAL_DRIVER -DSTM32L475xx -c -I../Core/Inc -I../Drivers/STM32L4xx_HAL_Driver/Inc -I../Drivers/STM32L4xx_HAL_Driver/Inc/Legacy -I../Drivers/CMSIS/Device/ST/STM32L4xx/Include -I../Drivers/CMSIS/Include -I../Middlewares/Third_Party/FreeRTOS/Source/include -I../Middlewares/Third_Party/FreeRTOS/Source/CMSIS_RTOS_V2 -I../Middlewares/Third_Party/FreeRTOS/Source/portable/GCC/ARM_CM4F -O0 -ffunction-sections -fdata-sections -Wall -fstack-usage -fcyclomatic-complexity -MMD -MP -MF"Core/Src/LedTask.d" -MT"Core/Src/LedTask.o" --specs=nano.specs -mfpu=fpv4-sp-d16 -mfloat-abi=hard -mthumb -o "Core/Src/LedTask.o"
../Core/Src/LedTask.c: In function 'LedToggleTask':
../Core/Src/LedTask.c:13:24: warning: cast from pointer to integer of different size [-Wpointer-to-int-cast]
   13 |         uint8_t nLed = (uint8_t) pargs;
      |                        ^
../Core/Src/LedTask.c:13:17: warning: unused variable 'nLed' [-Wunused-variable]
   13 |         uint8_t nLed = (uint8_t) pargs;
      |                 ^~~~
arm-none-eabi-gcc -o "Practica 2.elf" @"objects.list"   -mcpu=cortex-m4 -T"/home/pinkyflowy/SETR/Practica1/Practica 2/STM32L475VGTX_FLASH.ld" --specs=nosys.specs -Wl,-Map="Practica 2.map" -Wl,--gc-sections -static --specs=nano.specs -mfpu=fpv4-sp-d16 -mfloat-abi=hard -mthumb -Wl,--start-group -lc -lm -Wl,--end-group
/opt/st/stm32cubeide_1.19.0/plugins/com.st.stm32cube.ide.mcu.externaltools.gnu-tools-for-stm32.13.3.rel1.linux64_1.0.0.202410170706/tools/bin/../lib/gcc/arm-none-eabi/13.3.1/../../../../arm-none-eabi/bin/ld: ./Core/Src/LedTask.o: in function `animation1':
/home/pinkyflowy/SETR/Practica1/Practica 2/Debug/../Core/Src/LedTask.c:70: multiple definition of `animation1'; ./Core/Src/LedAnimationTask.o:/home/pinkyflowy/SETR/Practica1/Practica 2/Debug/../Core/Src/LedAnimationTask.c:82: first defined here
collect2: error: ld returned 1 exit status
make: *** [makefile:68: Practica 2.elf] Error 1
"make -j8 all" terminated with exit code 2. Build might be incomplete.
16:29:57 **** Incremental Build of configuration Debug for project Practica 2 ****
make -j8 all 
arm-none-eabi-gcc "../Core/Src/LedAnimationTask.c" -mcpu=cortex-m4 -std=gnu11 -g3 -DDEBUG -DUSE_HAL_DRIVER -DSTM32L475xx -c -I../Core/Inc -I../Drivers/STM32L4xx_HAL_Driver/Inc -I../Drivers/STM32L4xx_HAL_Driver/Inc/Legacy -I../Drivers/CMSIS/Device/ST/STM32L4xx/Include -I../Drivers/CMSIS/Include -I../Middlewares/Third_Party/FreeRTOS/Source/include -I../Middlewares/Third_Party/FreeRTOS/Source/CMSIS_RTOS_V2 -I../Middlewares/Third_Party/FreeRTOS/Source/portable/GCC/ARM_CM4F -O0 -ffunction-sections -fdata-sections -Wall -fstack-usage -fcyclomatic-complexity -MMD -MP -MF"Core/Src/LedAnimationTask.d" -MT"Core/Src/LedAnimationTask.o" --specs=nano.specs -mfpu=fpv4-sp-d16 -mfloat-abi=hard -mthumb -o "Core/Src/LedAnimationTask.o"
../Core/Src/LedAnimationTask.c: In function 'CreateLedAnimationTask':
../Core/Src/LedAnimationTask.c:77:68: warning: passing argument 4 of 'xTaskCreate' makes pointer from integer without a cast [-Wint-conversion]
   77 |         xTaskCreate(LedTAnimation1Task, "LedTAnimation1Task", 128, 1, 1, NULL);
      |                                                                    ^
      |                                                                    |
      |                                                                    int
In file included from ../Core/Inc/LedAnimationTask.h:14,
                 from ../Core/Src/LedAnimationTask.c:7:
../Middlewares/Third_Party/FreeRTOS/Source/include/task.h:333:70: note: expected 'void * const' but argument is of type 'int'
  333 |                                                         void * const pvParameters,
      |                                                         ~~~~~~~~~~~~~^~~~~~~~~~~~
../Core/Src/LedAnimationTask.c:78:68: warning: passing argument 4 of 'xTaskCreate' makes pointer from integer without a cast [-Wint-conversion]
   78 |         xTaskCreate(LedTAnimation2Task, "LedTAnimation2Task", 128, 1, 1, NULL);
      |                                                                    ^
      |                                                                    |
      |                                                                    int
../Middlewares/Third_Party/FreeRTOS/Source/include/task.h:333:70: note: expected 'void * const' but argument is of type 'int'
  333 |                                                         void * const pvParameters,
      |                                                         ~~~~~~~~~~~~~^~~~~~~~~~~~
../Core/Src/LedAnimationTask.c:79:68: warning: passing argument 4 of 'xTaskCreate' makes pointer from integer without a cast [-Wint-conversion]
   79 |         xTaskCreate(LedTAnimation3Task, "LedTAnimation3Task", 128, 1, 1, NULL);
      |                                                                    ^
      |                                                                    |
      |                                                                    int
../Middlewares/Third_Party/FreeRTOS/Source/include/task.h:333:70: note: expected 'void * const' but argument is of type 'int'
  333 |                                                         void * const pvParameters,
      |                                                         ~~~~~~~~~~~~~^~~~~~~~~~~~
arm-none-eabi-gcc -o "Practica 2.elf" @"objects.list"   -mcpu=cortex-m4 -T"/home/pinkyflowy/SETR/Practica1/Practica 2/STM32L475VGTX_FLASH.ld" --specs=nosys.specs -Wl,-Map="Practica 2.map" -Wl,--gc-sections -static --specs=nano.specs -mfpu=fpv4-sp-d16 -mfloat-abi=hard -mthumb -Wl,--start-group -lc -lm -Wl,--end-group
Finished building target: Practica 2.elf
 
arm-none-eabi-size  Practica\ 2.elf 
arm-none-eabi-objdump -h -S Practica\ 2.elf  > "Practica 2.list"
   text	   data	    bss	    dec	    hex	filename
  19820	    100	  35532	  55452	   d89c	Practica 2.elf
Finished building: default.size.stdout
 
Finished building: Practica 2.list
 
16:31:38 **** Incremental Build of configuration Debug for project Practica 2 ****
make -j8 all 
arm-none-eabi-gcc "../Core/Src/LedTask.c" -mcpu=cortex-m4 -std=gnu11 -g3 -DDEBUG -DUSE_HAL_DRIVER -DSTM32L475xx -c -I../Core/Inc -I../Drivers/STM32L4xx_HAL_Driver/Inc -I../Drivers/STM32L4xx_HAL_Driver/Inc/Legacy -I../Drivers/CMSIS/Device/ST/STM32L4xx/Include -I../Drivers/CMSIS/Include -I../Middlewares/Third_Party/FreeRTOS/Source/include -I../Middlewares/Third_Party/FreeRTOS/Source/CMSIS_RTOS_V2 -I../Middlewares/Third_Party/FreeRTOS/Source/portable/GCC/ARM_CM4F -O0 -ffunction-sections -fdata-sections -Wall -fstack-usage -fcyclomatic-complexity -MMD -MP -MF"Core/Src/LedTask.d" -MT"Core/Src/LedTask.o" --specs=nano.specs -mfpu=fpv4-sp-d16 -mfloat-abi=hard -mthumb -o "Core/Src/LedTask.o"
../Core/Src/LedTask.c: In function 'LedToggleTask':
../Core/Src/LedTask.c:13:24: warning: cast from pointer to integer of different size [-Wpointer-to-int-cast]
   13 |         uint8_t nLed = (uint8_t) pargs;
      |                        ^
../Core/Src/LedTask.c:13:17: warning: unused variable 'nLed' [-Wunused-variable]
   13 |         uint8_t nLed = (uint8_t) pargs;
      |                 ^~~~
../Core/Src/LedTask.c: In function 'CreateLedTask':
../Core/Src/LedTask.c:68:46: warning: passing argument 4 of 'xTaskCreate' makes pointer from integer without a cast [-Wint-conversion]
   68 |         xTaskCreate(ledTask, "ledTask", 128, 2, 1, &xTaskToNotify);
      |                                              ^
      |                                              |
      |                                              int
In file included from ../Core/Inc/LedTask.h:20,
                 from ../Core/Src/LedTask.c:7:
../Middlewares/Third_Party/FreeRTOS/Source/include/task.h:333:70: note: expected 'void * const' but argument is of type 'int'
  333 |                                                         void * const pvParameters,
      |                                                         ~~~~~~~~~~~~~^~~~~~~~~~~~
arm-none-eabi-gcc -o "Practica 2.elf" @"objects.list"   -mcpu=cortex-m4 -T"/home/pinkyflowy/SETR/Practica1/Practica 2/STM32L475VGTX_FLASH.ld" --specs=nosys.specs -Wl,-Map="Practica 2.map" -Wl,--gc-sections -static --specs=nano.specs -mfpu=fpv4-sp-d16 -mfloat-abi=hard -mthumb -Wl,--start-group -lc -lm -Wl,--end-group
Finished building target: Practica 2.elf
 
arm-none-eabi-size  Practica\ 2.elf 
arm-none-eabi-objdump -h -S Practica\ 2.elf  > "Practica 2.list"
   text	   data	    bss	    dec	    hex	filename
  20340	    100	  35532	  55972	   daa4	Practica 2.elf
Finished building: default.size.stdout
 
Finished building: Practica 2.list
 
16:31:42 **** Incremental Build of configuration Debug for project Practica 2 ****
make -j8 all 
arm-none-eabi-size  Practica\ 2.elf 
   text	   data	    bss	    dec	    hex	filename
  20340	    100	  35532	  55972	   daa4	Practica 2.elf
Finished building: default.size.stdout
 
16:33:08 **** Incremental Build of configuration Debug for project Practica 2 ****
make -j8 all 
arm-none-eabi-gcc "../Core/Src/joy_driver.c" -mcpu=cortex-m4 -std=gnu11 -g3 -DDEBUG -DUSE_HAL_DRIVER -DSTM32L475xx -c -I../Core/Inc -I../Drivers/STM32L4xx_HAL_Driver/Inc -I../Drivers/STM32L4xx_HAL_Driver/Inc/Legacy -I../Drivers/CMSIS/Device/ST/STM32L4xx/Include -I../Drivers/CMSIS/Include -I../Middlewares/Third_Party/FreeRTOS/Source/include -I../Middlewares/Third_Party/FreeRTOS/Source/CMSIS_RTOS_V2 -I../Middlewares/Third_Party/FreeRTOS/Source/portable/GCC/ARM_CM4F -O0 -ffunction-sections -fdata-sections -Wall -fstack-usage -fcyclomatic-complexity -MMD -MP -MF"Core/Src/joy_driver.d" -MT"Core/Src/joy_driver.o" --specs=nano.specs -mfpu=fpv4-sp-d16 -mfloat-abi=hard -mthumb -o "Core/Src/joy_driver.o"
arm-none-eabi-gcc -o "Practica 2.elf" @"objects.list"   -mcpu=cortex-m4 -T"/home/pinkyflowy/SETR/Practica1/Practica 2/STM32L475VGTX_FLASH.ld" --specs=nosys.specs -Wl,-Map="Practica 2.map" -Wl,--gc-sections -static --specs=nano.specs -mfpu=fpv4-sp-d16 -mfloat-abi=hard -mthumb -Wl,--start-group -lc -lm -Wl,--end-group
Finished building target: Practica 2.elf
 
arm-none-eabi-size  Practica\ 2.elf 
arm-none-eabi-objdump -h -S Practica\ 2.elf  > "Practica 2.list"
   text	   data	    bss	    dec	    hex	filename
  20340	    100	  35532	  55972	   daa4	Practica 2.elf
Finished building: default.size.stdout
 
Finished building: Practica 2.list
 
16:34:03 **** Incremental Build of configuration Debug for project Practica 2 ****
make -j8 all 
arm-none-eabi-gcc "../Core/Src/joy_driver.c" -mcpu=cortex-m4 -std=gnu11 -g3 -DDEBUG -DUSE_HAL_DRIVER -DSTM32L475xx -c -I../Core/Inc -I../Drivers/STM32L4xx_HAL_Driver/Inc -I../Drivers/STM32L4xx_HAL_Driver/Inc/Legacy -I../Drivers/CMSIS/Device/ST/STM32L4xx/Include -I../Drivers/CMSIS/Include -I../Middlewares/Third_Party/FreeRTOS/Source/include -I../Middlewares/Third_Party/FreeRTOS/Source/CMSIS_RTOS_V2 -I../Middlewares/Third_Party/FreeRTOS/Source/portable/GCC/ARM_CM4F -O0 -ffunction-sections -fdata-sections -Wall -fstack-usage -fcyclomatic-complexity -MMD -MP -MF"Core/Src/joy_driver.d" -MT"Core/Src/joy_driver.o" --specs=nano.specs -mfpu=fpv4-sp-d16 -mfloat-abi=hard -mthumb -o "Core/Src/joy_driver.o"
arm-none-eabi-gcc -o "Practica 2.elf" @"objects.list"   -mcpu=cortex-m4 -T"/home/pinkyflowy/SETR/Practica1/Practica 2/STM32L475VGTX_FLASH.ld" --specs=nosys.specs -Wl,-Map="Practica 2.map" -Wl,--gc-sections -static --specs=nano.specs -mfpu=fpv4-sp-d16 -mfloat-abi=hard -mthumb -Wl,--start-group -lc -lm -Wl,--end-group
Finished building target: Practica 2.elf
 
arm-none-eabi-size  Practica\ 2.elf 
arm-none-eabi-objdump -h -S Practica\ 2.elf  > "Practica 2.list"
   text	   data	    bss	    dec	    hex	filename
  20340	    100	  35532	  55972	   daa4	Practica 2.elf
Finished building: default.size.stdout
 
Finished building: Practica 2.list
 
16:46:19 **** Incremental Build of configuration Debug for project Practica 2 ****
make -j8 all 
arm-none-eabi-gcc "../Core/Src/LedTask.c" -mcpu=cortex-m4 -std=gnu11 -g3 -DDEBUG -DUSE_HAL_DRIVER -DSTM32L475xx -c -I../Core/Inc -I../Drivers/STM32L4xx_HAL_Driver/Inc -I../Drivers/STM32L4xx_HAL_Driver/Inc/Legacy -I../Drivers/CMSIS/Device/ST/STM32L4xx/Include -I../Drivers/CMSIS/Include -I../Middlewares/Third_Party/FreeRTOS/Source/include -I../Middlewares/Third_Party/FreeRTOS/Source/CMSIS_RTOS_V2 -I../Middlewares/Third_Party/FreeRTOS/Source/portable/GCC/ARM_CM4F -O0 -ffunction-sections -fdata-sections -Wall -fstack-usage -fcyclomatic-complexity -MMD -MP -MF"Core/Src/LedTask.d" -MT"Core/Src/LedTask.o" --specs=nano.specs -mfpu=fpv4-sp-d16 -mfloat-abi=hard -mthumb -o "Core/Src/LedTask.o"
../Core/Src/LedTask.c: In function 'LedToggleTask':
../Core/Src/LedTask.c:15:24: warning: cast from pointer to integer of different size [-Wpointer-to-int-cast]
   15 |         uint8_t nLed = (uint8_t) pargs;
      |                        ^
../Core/Src/LedTask.c:15:17: warning: unused variable 'nLed' [-Wunused-variable]
   15 |         uint8_t nLed = (uint8_t) pargs;
      |                 ^~~~
../Core/Src/LedTask.c: In function 'CreateLedTask':
../Core/Src/LedTask.c:80:46: warning: passing argument 4 of 'xTaskCreate' makes pointer from integer without a cast [-Wint-conversion]
   80 |         xTaskCreate(ledTask, "ledTask", 128, 2, 1, &xTaskToNotify[0]);
      |                                              ^
      |                                              |
      |                                              int
In file included from ../Core/Inc/LedTask.h:20,
                 from ../Core/Src/LedTask.c:7:
../Middlewares/Third_Party/FreeRTOS/Source/include/task.h:333:70: note: expected 'void * const' but argument is of type 'int'
  333 |                                                         void * const pvParameters,
      |                                                         ~~~~~~~~~~~~~^~~~~~~~~~~~
../Core/Src/LedTask.c:81:21: error: 'ledTask2' undeclared (first use in this function); did you mean 'ledTask'?
   81 |         xTaskCreate(ledTask2, "ledTask2", 128, 2, 1, &xTaskToNotify[1]);
      |                     ^~~~~~~~
      |                     ledTask
../Core/Src/LedTask.c:81:21: note: each undeclared identifier is reported only once for each function it appears in
../Core/Src/LedTask.c:81:48: warning: passing argument 4 of 'xTaskCreate' makes pointer from integer without a cast [-Wint-conversion]
   81 |         xTaskCreate(ledTask2, "ledTask2", 128, 2, 1, &xTaskToNotify[1]);
      |                                                ^
      |                                                |
      |                                                int
../Middlewares/Third_Party/FreeRTOS/Source/include/task.h:333:70: note: expected 'void * const' but argument is of type 'int'
  333 |                                                         void * const pvParameters,
      |                                                         ~~~~~~~~~~~~~^~~~~~~~~~~~
../Core/Src/LedTask.c: In function 'ledTask2':
../Core/Src/LedTask.c:109:17: warning: implicit declaration of function 'animation2'; did you mean 'animation1'? [-Wimplicit-function-declaration]
  109 |                 animation2();
      |                 ^~~~~~~~~~
      |                 animation1
make: *** [Core/Src/subdir.mk:52: Core/Src/LedTask.o] Error 1
"make -j8 all" terminated with exit code 2. Build might be incomplete.
16:46:52 **** Incremental Build of configuration Debug for project Practica 2 ****
make -j8 all 
arm-none-eabi-gcc "../Core/Src/LedTask.c" -mcpu=cortex-m4 -std=gnu11 -g3 -DDEBUG -DUSE_HAL_DRIVER -DSTM32L475xx -c -I../Core/Inc -I../Drivers/STM32L4xx_HAL_Driver/Inc -I../Drivers/STM32L4xx_HAL_Driver/Inc/Legacy -I../Drivers/CMSIS/Device/ST/STM32L4xx/Include -I../Drivers/CMSIS/Include -I../Middlewares/Third_Party/FreeRTOS/Source/include -I../Middlewares/Third_Party/FreeRTOS/Source/CMSIS_RTOS_V2 -I../Middlewares/Third_Party/FreeRTOS/Source/portable/GCC/ARM_CM4F -O0 -ffunction-sections -fdata-sections -Wall -fstack-usage -fcyclomatic-complexity -MMD -MP -MF"Core/Src/LedTask.d" -MT"Core/Src/LedTask.o" --specs=nano.specs -mfpu=fpv4-sp-d16 -mfloat-abi=hard -mthumb -o "Core/Src/LedTask.o"
arm-none-eabi-gcc "../Core/Src/main.c" -mcpu=cortex-m4 -std=gnu11 -g3 -DDEBUG -DUSE_HAL_DRIVER -DSTM32L475xx -c -I../Core/Inc -I../Drivers/STM32L4xx_HAL_Driver/Inc -I../Drivers/STM32L4xx_HAL_Driver/Inc/Legacy -I../Drivers/CMSIS/Device/ST/STM32L4xx/Include -I../Drivers/CMSIS/Include -I../Middlewares/Third_Party/FreeRTOS/Source/include -I../Middlewares/Third_Party/FreeRTOS/Source/CMSIS_RTOS_V2 -I../Middlewares/Third_Party/FreeRTOS/Source/portable/GCC/ARM_CM4F -O0 -ffunction-sections -fdata-sections -Wall -fstack-usage -fcyclomatic-complexity -MMD -MP -MF"Core/Src/main.d" -MT"Core/Src/main.o" --specs=nano.specs -mfpu=fpv4-sp-d16 -mfloat-abi=hard -mthumb -o "Core/Src/main.o"
../Core/Src/LedTask.c: In function 'LedToggleTask':
../Core/Src/LedTask.c:15:24: warning: cast from pointer to integer of different size [-Wpointer-to-int-cast]
   15 |         uint8_t nLed = (uint8_t) pargs;
      |                        ^
../Core/Src/LedTask.c:15:17: warning: unused variable 'nLed' [-Wunused-variable]
   15 |         uint8_t nLed = (uint8_t) pargs;
      |                 ^~~~
../Core/Src/LedTask.c: In function 'CreateLedTask':
../Core/Src/LedTask.c:80:46: warning: passing argument 4 of 'xTaskCreate' makes pointer from integer without a cast [-Wint-conversion]
   80 |         xTaskCreate(ledTask, "ledTask", 128, 2, 1, &xTaskToNotify[0]);
      |                                              ^
      |                                              |
      |                                              int
In file included from ../Core/Inc/LedTask.h:20,
                 from ../Core/Src/LedTask.c:7:
../Middlewares/Third_Party/FreeRTOS/Source/include/task.h:333:70: note: expected 'void * const' but argument is of type 'int'
  333 |                                                         void * const pvParameters,
      |                                                         ~~~~~~~~~~~~~^~~~~~~~~~~~
../Core/Src/LedTask.c:81:48: warning: passing argument 4 of 'xTaskCreate' makes pointer from integer without a cast [-Wint-conversion]
   81 |         xTaskCreate(ledTask2, "ledTask2", 128, 2, 1, &xTaskToNotify[1]);
      |                                                ^
      |                                                |
      |                                                int
../Middlewares/Third_Party/FreeRTOS/Source/include/task.h:333:70: note: expected 'void * const' but argument is of type 'int'
  333 |                                                         void * const pvParameters,
      |                                                         ~~~~~~~~~~~~~^~~~~~~~~~~~
../Core/Src/LedTask.c: In function 'ledTask2':
../Core/Src/LedTask.c:109:17: warning: implicit declaration of function 'animation2'; did you mean 'animation1'? [-Wimplicit-function-declaration]
  109 |                 animation2();
      |                 ^~~~~~~~~~
      |                 animation1
arm-none-eabi-gcc -o "Practica 2.elf" @"objects.list"   -mcpu=cortex-m4 -T"/home/pinkyflowy/SETR/Practica1/Practica 2/STM32L475VGTX_FLASH.ld" --specs=nosys.specs -Wl,-Map="Practica 2.map" -Wl,--gc-sections -static --specs=nano.specs -mfpu=fpv4-sp-d16 -mfloat-abi=hard -mthumb -Wl,--start-group -lc -lm -Wl,--end-group
Finished building target: Practica 2.elf
 
arm-none-eabi-size  Practica\ 2.elf 
arm-none-eabi-objdump -h -S Practica\ 2.elf  > "Practica 2.list"
   text	   data	    bss	    dec	    hex	filename
  20512	    100	  35540	  56152	   db58	Practica 2.elf
Finished building: default.size.stdout
 
Finished building: Practica 2.list
 
16:46:55 **** Incremental Build of configuration Debug for project Practica 2 ****
make -j8 all 
arm-none-eabi-size  Practica\ 2.elf 
   text	   data	    bss	    dec	    hex	filename
  20512	    100	  35540	  56152	   db58	Practica 2.elf
Finished building: default.size.stdout
 
16:51:06 **** Incremental Build of configuration Debug for project Practica 2 ****
make -j8 all 
arm-none-eabi-gcc "../Core/Src/LedAnimationTask.c" -mcpu=cortex-m4 -std=gnu11 -g3 -DDEBUG -DUSE_HAL_DRIVER -DSTM32L475xx -c -I../Core/Inc -I../Drivers/STM32L4xx_HAL_Driver/Inc -I../Drivers/STM32L4xx_HAL_Driver/Inc/Legacy -I../Drivers/CMSIS/Device/ST/STM32L4xx/Include -I../Drivers/CMSIS/Include -I../Middlewares/Third_Party/FreeRTOS/Source/include -I../Middlewares/Third_Party/FreeRTOS/Source/CMSIS_RTOS_V2 -I../Middlewares/Third_Party/FreeRTOS/Source/portable/GCC/ARM_CM4F -O0 -ffunction-sections -fdata-sections -Wall -fstack-usage -fcyclomatic-complexity -MMD -MP -MF"Core/Src/LedAnimationTask.d" -MT"Core/Src/LedAnimationTask.o" --specs=nano.specs -mfpu=fpv4-sp-d16 -mfloat-abi=hard -mthumb -o "Core/Src/LedAnimationTask.o"
arm-none-eabi-gcc "../Core/Src/LedTask.c" -mcpu=cortex-m4 -std=gnu11 -g3 -DDEBUG -DUSE_HAL_DRIVER -DSTM32L475xx -c -I../Core/Inc -I../Drivers/STM32L4xx_HAL_Driver/Inc -I../Drivers/STM32L4xx_HAL_Driver/Inc/Legacy -I../Drivers/CMSIS/Device/ST/STM32L4xx/Include -I../Drivers/CMSIS/Include -I../Middlewares/Third_Party/FreeRTOS/Source/include -I../Middlewares/Third_Party/FreeRTOS/Source/CMSIS_RTOS_V2 -I../Middlewares/Third_Party/FreeRTOS/Source/portable/GCC/ARM_CM4F -O0 -ffunction-sections -fdata-sections -Wall -fstack-usage -fcyclomatic-complexity -MMD -MP -MF"Core/Src/LedTask.d" -MT"Core/Src/LedTask.o" --specs=nano.specs -mfpu=fpv4-sp-d16 -mfloat-abi=hard -mthumb -o "Core/Src/LedTask.o"
arm-none-eabi-gcc "../Core/Src/main.c" -mcpu=cortex-m4 -std=gnu11 -g3 -DDEBUG -DUSE_HAL_DRIVER -DSTM32L475xx -c -I../Core/Inc -I../Drivers/STM32L4xx_HAL_Driver/Inc -I../Drivers/STM32L4xx_HAL_Driver/Inc/Legacy -I../Drivers/CMSIS/Device/ST/STM32L4xx/Include -I../Drivers/CMSIS/Include -I../Middlewares/Third_Party/FreeRTOS/Source/include -I../Middlewares/Third_Party/FreeRTOS/Source/CMSIS_RTOS_V2 -I../Middlewares/Third_Party/FreeRTOS/Source/portable/GCC/ARM_CM4F -O0 -ffunction-sections -fdata-sections -Wall -fstack-usage -fcyclomatic-complexity -MMD -MP -MF"Core/Src/main.d" -MT"Core/Src/main.o" --specs=nano.specs -mfpu=fpv4-sp-d16 -mfloat-abi=hard -mthumb -o "Core/Src/main.o"
../Core/Src/LedAnimationTask.c: In function 'CreateLedAnimationTask':
../Core/Src/LedAnimationTask.c:77:68: warning: passing argument 4 of 'xTaskCreate' makes pointer from integer without a cast [-Wint-conversion]
   77 |         xTaskCreate(LedTAnimation1Task, "LedTAnimation1Task", 128, 1, 1, NULL);
      |                                                                    ^
      |                                                                    |
      |                                                                    int
In file included from ../Core/Inc/LedAnimationTask.h:14,
                 from ../Core/Src/LedAnimationTask.c:7:
../Middlewares/Third_Party/FreeRTOS/Source/include/task.h:333:70: note: expected 'void * const' but argument is of type 'int'
  333 |                                                         void * const pvParameters,
      |                                                         ~~~~~~~~~~~~~^~~~~~~~~~~~
../Core/Src/LedAnimationTask.c:78:68: warning: passing argument 4 of 'xTaskCreate' makes pointer from integer without a cast [-Wint-conversion]
   78 |         xTaskCreate(LedTAnimation2Task, "LedTAnimation2Task", 128, 1, 1, NULL);
      |                                                                    ^
      |                                                                    |
      |                                                                    int
../Middlewares/Third_Party/FreeRTOS/Source/include/task.h:333:70: note: expected 'void * const' but argument is of type 'int'
  333 |                                                         void * const pvParameters,
      |                                                         ~~~~~~~~~~~~~^~~~~~~~~~~~
../Core/Src/LedAnimationTask.c:79:68: warning: passing argument 4 of 'xTaskCreate' makes pointer from integer without a cast [-Wint-conversion]
   79 |         xTaskCreate(LedTAnimation3Task, "LedTAnimation3Task", 128, 1, 1, NULL);
      |                                                                    ^
      |                                                                    |
      |                                                                    int
../Middlewares/Third_Party/FreeRTOS/Source/include/task.h:333:70: note: expected 'void * const' but argument is of type 'int'
  333 |                                                         void * const pvParameters,
      |                                                         ~~~~~~~~~~~~~^~~~~~~~~~~~
../Core/Src/LedTask.c: In function 'LedToggleTask':
../Core/Src/LedTask.c:15:24: warning: cast from pointer to integer of different size [-Wpointer-to-int-cast]
   15 |         uint8_t nLed = (uint8_t) pargs;
      |                        ^
../Core/Src/LedTask.c:15:17: warning: unused variable 'nLed' [-Wunused-variable]
   15 |         uint8_t nLed = (uint8_t) pargs;
      |                 ^~~~
../Core/Src/LedTask.c: In function 'CreateLedTask':
../Core/Src/LedTask.c:80:46: warning: passing argument 4 of 'xTaskCreate' makes pointer from integer without a cast [-Wint-conversion]
   80 |         xTaskCreate(ledTask, "ledTask", 128, 2, 1, &xTaskToNotify[0]);
      |                                              ^
      |                                              |
      |                                              int
In file included from ../Core/Inc/LedTask.h:20,
                 from ../Core/Src/LedTask.c:7:
../Middlewares/Third_Party/FreeRTOS/Source/include/task.h:333:70: note: expected 'void * const' but argument is of type 'int'
  333 |                                                         void * const pvParameters,
      |                                                         ~~~~~~~~~~~~~^~~~~~~~~~~~
../Core/Src/LedTask.c:81:48: warning: passing argument 4 of 'xTaskCreate' makes pointer from integer without a cast [-Wint-conversion]
   81 |         xTaskCreate(ledTask2, "ledTask2", 128, 2, 1, &xTaskToNotify[1]);
      |                                                ^
      |                                                |
      |                                                int
../Middlewares/Third_Party/FreeRTOS/Source/include/task.h:333:70: note: expected 'void * const' but argument is of type 'int'
  333 |                                                         void * const pvParameters,
      |                                                         ~~~~~~~~~~~~~^~~~~~~~~~~~
arm-none-eabi-gcc -o "Practica 2.elf" @"objects.list"   -mcpu=cortex-m4 -T"/home/pinkyflowy/SETR/Practica1/Practica 2/STM32L475VGTX_FLASH.ld" --specs=nosys.specs -Wl,-Map="Practica 2.map" -Wl,--gc-sections -static --specs=nano.specs -mfpu=fpv4-sp-d16 -mfloat-abi=hard -mthumb -Wl,--start-group -lc -lm -Wl,--end-group
Finished building target: Practica 2.elf
 
arm-none-eabi-size  Practica\ 2.elf 
arm-none-eabi-objdump -h -S Practica\ 2.elf  > "Practica 2.list"
   text	   data	    bss	    dec	    hex	filename
  20512	    100	  35540	  56152	   db58	Practica 2.elf
Finished building: default.size.stdout
 
Finished building: Practica 2.list
 
16:51:10 **** Incremental Build of configuration Debug for project Practica 2 ****
make -j8 all 
arm-none-eabi-size  Practica\ 2.elf 
   text	   data	    bss	    dec	    hex	filename
  20512	    100	  35540	  56152	   db58	Practica 2.elf
Finished building: default.size.stdout
 
17:06:38 **** Incremental Build of configuration Debug for project Practica 2 ****
make -j8 all 
arm-none-eabi-gcc "../Core/Src/LedTask.c" -mcpu=cortex-m4 -std=gnu11 -g3 -DDEBUG -DUSE_HAL_DRIVER -DSTM32L475xx -c -I../Core/Inc -I../Drivers/STM32L4xx_HAL_Driver/Inc -I../Drivers/STM32L4xx_HAL_Driver/Inc/Legacy -I../Drivers/CMSIS/Device/ST/STM32L4xx/Include -I../Drivers/CMSIS/Include -I../Middlewares/Third_Party/FreeRTOS/Source/include -I../Middlewares/Third_Party/FreeRTOS/Source/CMSIS_RTOS_V2 -I../Middlewares/Third_Party/FreeRTOS/Source/portable/GCC/ARM_CM4F -O0 -ffunction-sections -fdata-sections -Wall -fstack-usage -fcyclomatic-complexity -MMD -MP -MF"Core/Src/LedTask.d" -MT"Core/Src/LedTask.o" --specs=nano.specs -mfpu=fpv4-sp-d16 -mfloat-abi=hard -mthumb -o "Core/Src/LedTask.o"
In file included from ../Core/Inc/LedTask.h:19,
                 from ../Core/Src/LedTask.c:7:
../Middlewares/Third_Party/FreeRTOS/Source/include/FreeRTOS.h:941:34: error: unknown type name 'SemaphoreHandle_t'; did you mean 'xSemaphoreHandle'?
  941 |         #define xSemaphoreHandle SemaphoreHandle_t
      |                                  ^~~~~~~~~~~~~~~~~
../Core/Src/LedTask.c:10:1: note: in expansion of macro 'xSemaphoreHandle'
   10 | xSemaphoreHandle miSem;
      | ^~~~~~~~~~~~~~~~
../Core/Src/LedTask.c:11:1: warning: data definition has no type or storage class
   11 | miSem=xSemaphoreCreateBinary();
      | ^~~~~
../Core/Src/LedTask.c:11:1: warning: type defaults to 'int' in declaration of 'miSem' [-Wimplicit-int]
../Core/Src/LedTask.c:11:7: warning: implicit declaration of function 'xSemaphoreCreateBinary' [-Wimplicit-function-declaration]
   11 | miSem=xSemaphoreCreateBinary();
      |       ^~~~~~~~~~~~~~~~~~~~~~
../Core/Src/LedTask.c:11:7: error: initializer element is not constant
../Core/Src/LedTask.c: In function 'LedToggleTask':
../Core/Src/LedTask.c:16:24: warning: cast from pointer to integer of different size [-Wpointer-to-int-cast]
   16 |         uint8_t nLed = (uint8_t) pargs;
      |                        ^
../Core/Src/LedTask.c:16:17: warning: unused variable 'nLed' [-Wunused-variable]
   16 |         uint8_t nLed = (uint8_t) pargs;
      |                 ^~~~
../Core/Src/LedTask.c: In function 'ButtonTaskSemaphore':
../Core/Src/LedTask.c:81:33: warning: implicit declaration of function 'xSemaphoreGive'; did you mean 'xSemaphoreHandle'? [-Wimplicit-function-declaration]
   81 |                                 xSemaphoreGive (miSem);
      |                                 ^~~~~~~~~~~~~~
      |                                 xSemaphoreHandle
../Core/Src/LedTask.c: In function 'ledTaskSemaphore':
../Core/Src/LedTask.c:89:17: error: 'status' undeclared (first use in this function); did you mean 'stat'?
   89 |                 status = xSemaphoreTake(pdTRUE, portMAX_DELAY);
      |                 ^~~~~~
      |                 stat
../Core/Src/LedTask.c:89:17: note: each undeclared identifier is reported only once for each function it appears in
../Core/Src/LedTask.c:89:26: warning: implicit declaration of function 'xSemaphoreTake'; did you mean 'xSemaphoreHandle'? [-Wimplicit-function-declaration]
   89 |                 status = xSemaphoreTake(pdTRUE, portMAX_DELAY);
      |                          ^~~~~~~~~~~~~~
      |                          xSemaphoreHandle
../Core/Src/LedTask.c: In function 'CreateLedTask':
../Core/Src/LedTask.c:99:46: warning: passing argument 4 of 'xTaskCreate' makes pointer from integer without a cast [-Wint-conversion]
   99 |         xTaskCreate(ledTask, "ledTask", 128, 2, 1, &xTaskToNotify[0]);
      |                                              ^
      |                                              |
      |                                              int
In file included from ../Core/Inc/LedTask.h:20:
../Middlewares/Third_Party/FreeRTOS/Source/include/task.h:333:70: note: expected 'void * const' but argument is of type 'int'
  333 |                                                         void * const pvParameters,
      |                                                         ~~~~~~~~~~~~~^~~~~~~~~~~~
../Core/Src/LedTask.c:100:48: warning: passing argument 4 of 'xTaskCreate' makes pointer from integer without a cast [-Wint-conversion]
  100 |         xTaskCreate(ledTask2, "ledTask2", 128, 2, 1, &xTaskToNotify[1]);
      |                                                ^
      |                                                |
      |                                                int
../Middlewares/Third_Party/FreeRTOS/Source/include/task.h:333:70: note: expected 'void * const' but argument is of type 'int'
  333 |                                                         void * const pvParameters,
      |                                                         ~~~~~~~~~~~~~^~~~~~~~~~~~
make: *** [Core/Src/subdir.mk:52: Core/Src/LedTask.o] Error 1
"make -j8 all" terminated with exit code 2. Build might be incomplete.
17:06:49 **** Incremental Build of configuration Debug for project Practica 2 ****
make -j8 all 
arm-none-eabi-gcc "../Core/Src/LedTask.c" -mcpu=cortex-m4 -std=gnu11 -g3 -DDEBUG -DUSE_HAL_DRIVER -DSTM32L475xx -c -I../Core/Inc -I../Drivers/STM32L4xx_HAL_Driver/Inc -I../Drivers/STM32L4xx_HAL_Driver/Inc/Legacy -I../Drivers/CMSIS/Device/ST/STM32L4xx/Include -I../Drivers/CMSIS/Include -I../Middlewares/Third_Party/FreeRTOS/Source/include -I../Middlewares/Third_Party/FreeRTOS/Source/CMSIS_RTOS_V2 -I../Middlewares/Third_Party/FreeRTOS/Source/portable/GCC/ARM_CM4F -O0 -ffunction-sections -fdata-sections -Wall -fstack-usage -fcyclomatic-complexity -MMD -MP -MF"Core/Src/LedTask.d" -MT"Core/Src/LedTask.o" --specs=nano.specs -mfpu=fpv4-sp-d16 -mfloat-abi=hard -mthumb -o "Core/Src/LedTask.o"
In file included from ../Core/Inc/LedTask.h:19,
                 from ../Core/Src/LedTask.c:7:
../Middlewares/Third_Party/FreeRTOS/Source/include/FreeRTOS.h:941:34: error: unknown type name 'SemaphoreHandle_t'; did you mean 'xSemaphoreHandle'?
  941 |         #define xSemaphoreHandle SemaphoreHandle_t
      |                                  ^~~~~~~~~~~~~~~~~
../Core/Src/LedTask.c:10:1: note: in expansion of macro 'xSemaphoreHandle'
   10 | xSemaphoreHandle miSem;
      | ^~~~~~~~~~~~~~~~
../Core/Src/LedTask.c:11:1: warning: data definition has no type or storage class
   11 | miSem=xSemaphoreCreateBinary();
      | ^~~~~
../Core/Src/LedTask.c:11:1: warning: type defaults to 'int' in declaration of 'miSem' [-Wimplicit-int]
../Core/Src/LedTask.c:11:7: warning: implicit declaration of function 'xSemaphoreCreateBinary' [-Wimplicit-function-declaration]
   11 | miSem=xSemaphoreCreateBinary();
      |       ^~~~~~~~~~~~~~~~~~~~~~
../Core/Src/LedTask.c:11:7: error: initializer element is not constant
../Core/Src/LedTask.c: In function 'LedToggleTask':
../Core/Src/LedTask.c:16:24: warning: cast from pointer to integer of different size [-Wpointer-to-int-cast]
   16 |         uint8_t nLed = (uint8_t) pargs;
      |                        ^
../Core/Src/LedTask.c:16:17: warning: unused variable 'nLed' [-Wunused-variable]
   16 |         uint8_t nLed = (uint8_t) pargs;
      |                 ^~~~
../Core/Src/LedTask.c: In function 'ButtonTaskSemaphore':
../Core/Src/LedTask.c:81:33: warning: implicit declaration of function 'xSemaphoreGive'; did you mean 'xSemaphoreHandle'? [-Wimplicit-function-declaration]
   81 |                                 xSemaphoreGive (miSem);
      |                                 ^~~~~~~~~~~~~~
      |                                 xSemaphoreHandle
../Core/Src/LedTask.c: In function 'ledTaskSemaphore':
../Core/Src/LedTask.c:89:17: warning: implicit declaration of function 'xSemaphoreTake'; did you mean 'xSemaphoreHandle'? [-Wimplicit-function-declaration]
   89 |                 xSemaphoreTake(pdTRUE, portMAX_DELAY);
      |                 ^~~~~~~~~~~~~~
      |                 xSemaphoreHandle
../Core/Src/LedTask.c: In function 'CreateLedTask':
../Core/Src/LedTask.c:99:46: warning: passing argument 4 of 'xTaskCreate' makes pointer from integer without a cast [-Wint-conversion]
   99 |         xTaskCreate(ledTask, "ledTask", 128, 2, 1, &xTaskToNotify[0]);
      |                                              ^
      |                                              |
      |                                              int
In file included from ../Core/Inc/LedTask.h:20:
../Middlewares/Third_Party/FreeRTOS/Source/include/task.h:333:70: note: expected 'void * const' but argument is of type 'int'
  333 |                                                         void * const pvParameters,
      |                                                         ~~~~~~~~~~~~~^~~~~~~~~~~~
../Core/Src/LedTask.c:100:48: warning: passing argument 4 of 'xTaskCreate' makes pointer from integer without a cast [-Wint-conversion]
  100 |         xTaskCreate(ledTask2, "ledTask2", 128, 2, 1, &xTaskToNotify[1]);
      |                                                ^
      |                                                |
      |                                                int
../Middlewares/Third_Party/FreeRTOS/Source/include/task.h:333:70: note: expected 'void * const' but argument is of type 'int'
  333 |                                                         void * const pvParameters,
      |                                                         ~~~~~~~~~~~~~^~~~~~~~~~~~
make: *** [Core/Src/subdir.mk:52: Core/Src/LedTask.o] Error 1
"make -j8 all" terminated with exit code 2. Build might be incomplete.
17:07:26 **** Incremental Build of configuration Debug for project Practica 2 ****
make -j8 all 
arm-none-eabi-gcc "../Core/Src/LedTask.c" -mcpu=cortex-m4 -std=gnu11 -g3 -DDEBUG -DUSE_HAL_DRIVER -DSTM32L475xx -c -I../Core/Inc -I../Drivers/STM32L4xx_HAL_Driver/Inc -I../Drivers/STM32L4xx_HAL_Driver/Inc/Legacy -I../Drivers/CMSIS/Device/ST/STM32L4xx/Include -I../Drivers/CMSIS/Include -I../Middlewares/Third_Party/FreeRTOS/Source/include -I../Middlewares/Third_Party/FreeRTOS/Source/CMSIS_RTOS_V2 -I../Middlewares/Third_Party/FreeRTOS/Source/portable/GCC/ARM_CM4F -O0 -ffunction-sections -fdata-sections -Wall -fstack-usage -fcyclomatic-complexity -MMD -MP -MF"Core/Src/LedTask.d" -MT"Core/Src/LedTask.o" --specs=nano.specs -mfpu=fpv4-sp-d16 -mfloat-abi=hard -mthumb -o "Core/Src/LedTask.o"
In file included from ../Core/Inc/LedTask.h:19,
                 from ../Core/Src/LedTask.c:7:
../Middlewares/Third_Party/FreeRTOS/Source/include/FreeRTOS.h:941:34: error: unknown type name 'SemaphoreHandle_t'; did you mean 'xSemaphoreHandle'?
  941 |         #define xSemaphoreHandle SemaphoreHandle_t
      |                                  ^~~~~~~~~~~~~~~~~
../Core/Src/LedTask.c:10:1: note: in expansion of macro 'xSemaphoreHandle'
   10 | xSemaphoreHandle miSem;
      | ^~~~~~~~~~~~~~~~
../Core/Src/LedTask.c: In function 'LedToggleTask':
../Core/Src/LedTask.c:16:24: warning: cast from pointer to integer of different size [-Wpointer-to-int-cast]
   16 |         uint8_t nLed = (uint8_t) pargs;
      |                        ^
../Core/Src/LedTask.c:16:17: warning: unused variable 'nLed' [-Wunused-variable]
   16 |         uint8_t nLed = (uint8_t) pargs;
      |                 ^~~~
../Core/Src/LedTask.c: In function 'ButtonTaskSemaphore':
../Core/Src/LedTask.c:79:23: warning: implicit declaration of function 'xSemaphoreCreateBinary' [-Wimplicit-function-declaration]
   79 |                 miSem=xSemaphoreCreateBinary();
      |                       ^~~~~~~~~~~~~~~~~~~~~~
../Core/Src/LedTask.c:82:33: warning: implicit declaration of function 'xSemaphoreGive'; did you mean 'xSemaphoreHandle'? [-Wimplicit-function-declaration]
   82 |                                 xSemaphoreGive (miSem);
      |                                 ^~~~~~~~~~~~~~
      |                                 xSemaphoreHandle
../Core/Src/LedTask.c: In function 'ledTaskSemaphore':
../Core/Src/LedTask.c:90:17: warning: implicit declaration of function 'xSemaphoreTake'; did you mean 'xSemaphoreHandle'? [-Wimplicit-function-declaration]
   90 |                 xSemaphoreTake(pdTRUE, portMAX_DELAY);
      |                 ^~~~~~~~~~~~~~
      |                 xSemaphoreHandle
../Core/Src/LedTask.c: In function 'CreateLedTask':
../Core/Src/LedTask.c:100:46: warning: passing argument 4 of 'xTaskCreate' makes pointer from integer without a cast [-Wint-conversion]
  100 |         xTaskCreate(ledTask, "ledTask", 128, 2, 1, &xTaskToNotify[0]);
      |                                              ^
      |                                              |
      |                                              int
In file included from ../Core/Inc/LedTask.h:20:
../Middlewares/Third_Party/FreeRTOS/Source/include/task.h:333:70: note: expected 'void * const' but argument is of type 'int'
  333 |                                                         void * const pvParameters,
      |                                                         ~~~~~~~~~~~~~^~~~~~~~~~~~
../Core/Src/LedTask.c:101:48: warning: passing argument 4 of 'xTaskCreate' makes pointer from integer without a cast [-Wint-conversion]
  101 |         xTaskCreate(ledTask2, "ledTask2", 128, 2, 1, &xTaskToNotify[1]);
      |                                                ^
      |                                                |
      |                                                int
../Middlewares/Third_Party/FreeRTOS/Source/include/task.h:333:70: note: expected 'void * const' but argument is of type 'int'
  333 |                                                         void * const pvParameters,
      |                                                         ~~~~~~~~~~~~~^~~~~~~~~~~~
make: *** [Core/Src/subdir.mk:52: Core/Src/LedTask.o] Error 1
"make -j8 all" terminated with exit code 2. Build might be incomplete.
17:09:39 **** Incremental Build of configuration Debug for project Practica 2 ****
make -j8 all 
arm-none-eabi-gcc "../Core/Src/LedTask.c" -mcpu=cortex-m4 -std=gnu11 -g3 -DDEBUG -DUSE_HAL_DRIVER -DSTM32L475xx -c -I../Core/Inc -I../Drivers/STM32L4xx_HAL_Driver/Inc -I../Drivers/STM32L4xx_HAL_Driver/Inc/Legacy -I../Drivers/CMSIS/Device/ST/STM32L4xx/Include -I../Drivers/CMSIS/Include -I../Middlewares/Third_Party/FreeRTOS/Source/include -I../Middlewares/Third_Party/FreeRTOS/Source/CMSIS_RTOS_V2 -I../Middlewares/Third_Party/FreeRTOS/Source/portable/GCC/ARM_CM4F -O0 -ffunction-sections -fdata-sections -Wall -fstack-usage -fcyclomatic-complexity -MMD -MP -MF"Core/Src/LedTask.d" -MT"Core/Src/LedTask.o" --specs=nano.specs -mfpu=fpv4-sp-d16 -mfloat-abi=hard -mthumb -o "Core/Src/LedTask.o"
In file included from ../Core/Inc/LedTask.h:19,
                 from ../Core/Src/LedTask.c:7:
../Middlewares/Third_Party/FreeRTOS/Source/include/FreeRTOS.h:941:34: error: unknown type name 'SemaphoreHandle_t'; did you mean 'xSemaphoreHandle'?
  941 |         #define xSemaphoreHandle SemaphoreHandle_t
      |                                  ^~~~~~~~~~~~~~~~~
../Core/Src/LedTask.c:10:1: note: in expansion of macro 'xSemaphoreHandle'
   10 | xSemaphoreHandle miSem;
      | ^~~~~~~~~~~~~~~~
../Core/Src/LedTask.c: In function 'LedToggleTask':
../Core/Src/LedTask.c:16:24: warning: cast from pointer to integer of different size [-Wpointer-to-int-cast]
   16 |         uint8_t nLed = (uint8_t) pargs;
      |                        ^
../Core/Src/LedTask.c:16:17: warning: unused variable 'nLed' [-Wunused-variable]
   16 |         uint8_t nLed = (uint8_t) pargs;
      |                 ^~~~
../Core/Src/LedTask.c: In function 'ButtonTaskSemaphore':
../Core/Src/LedTask.c:79:23: warning: implicit declaration of function 'xSemaphoreCreateBinary' [-Wimplicit-function-declaration]
   79 |                 miSem=xSemaphoreCreateBinary();
      |                       ^~~~~~~~~~~~~~~~~~~~~~
../Core/Src/LedTask.c:82:33: warning: implicit declaration of function 'xSemaphoreGive'; did you mean 'xSemaphoreHandle'? [-Wimplicit-function-declaration]
   82 |                                 xSemaphoreGive (miSem);
      |                                 ^~~~~~~~~~~~~~
      |                                 xSemaphoreHandle
../Core/Src/LedTask.c: In function 'ledTaskSemaphore':
../Core/Src/LedTask.c:90:17: warning: implicit declaration of function 'xSemaphoreTake'; did you mean 'xSemaphoreHandle'? [-Wimplicit-function-declaration]
   90 |                 xSemaphoreTake(pdTRUE, portMAX_DELAY);
      |                 ^~~~~~~~~~~~~~
      |                 xSemaphoreHandle
../Core/Src/LedTask.c: In function 'CreateLedTask':
../Core/Src/LedTask.c:102:64: warning: passing argument 4 of 'xTaskCreate' makes pointer from integer without a cast [-Wint-conversion]
  102 |         xTaskCreate(ledTaskSemaphore, "ledTaskSemaphore", 128, 2, 1, NULL);
      |                                                                ^
      |                                                                |
      |                                                                int
In file included from ../Core/Inc/LedTask.h:20:
../Middlewares/Third_Party/FreeRTOS/Source/include/task.h:333:70: note: expected 'void * const' but argument is of type 'int'
  333 |                                                         void * const pvParameters,
      |                                                         ~~~~~~~~~~~~~^~~~~~~~~~~~
../Core/Src/LedTask.c:103:70: warning: passing argument 4 of 'xTaskCreate' makes pointer from integer without a cast [-Wint-conversion]
  103 |         xTaskCreate(ButtonTaskSemaphore, "ButtonTaskSemaphore", 128, 2, 1, NULL);
      |                                                                      ^
      |                                                                      |
      |                                                                      int
../Middlewares/Third_Party/FreeRTOS/Source/include/task.h:333:70: note: expected 'void * const' but argument is of type 'int'
  333 |                                                         void * const pvParameters,
      |                                                         ~~~~~~~~~~~~~^~~~~~~~~~~~
make: *** [Core/Src/subdir.mk:52: Core/Src/LedTask.o] Error 1
"make -j8 all" terminated with exit code 2. Build might be incomplete.
17:10:38 **** Incremental Build of configuration Debug for project Practica 2 ****
make -j8 all 
arm-none-eabi-gcc "../Core/Src/LedTask.c" -mcpu=cortex-m4 -std=gnu11 -g3 -DDEBUG -DUSE_HAL_DRIVER -DSTM32L475xx -c -I../Core/Inc -I../Drivers/STM32L4xx_HAL_Driver/Inc -I../Drivers/STM32L4xx_HAL_Driver/Inc/Legacy -I../Drivers/CMSIS/Device/ST/STM32L4xx/Include -I../Drivers/CMSIS/Include -I../Middlewares/Third_Party/FreeRTOS/Source/include -I../Middlewares/Third_Party/FreeRTOS/Source/CMSIS_RTOS_V2 -I../Middlewares/Third_Party/FreeRTOS/Source/portable/GCC/ARM_CM4F -O0 -ffunction-sections -fdata-sections -Wall -fstack-usage -fcyclomatic-complexity -MMD -MP -MF"Core/Src/LedTask.d" -MT"Core/Src/LedTask.o" --specs=nano.specs -mfpu=fpv4-sp-d16 -mfloat-abi=hard -mthumb -o "Core/Src/LedTask.o"
arm-none-eabi-gcc "../Core/Src/main.c" -mcpu=cortex-m4 -std=gnu11 -g3 -DDEBUG -DUSE_HAL_DRIVER -DSTM32L475xx -c -I../Core/Inc -I../Drivers/STM32L4xx_HAL_Driver/Inc -I../Drivers/STM32L4xx_HAL_Driver/Inc/Legacy -I../Drivers/CMSIS/Device/ST/STM32L4xx/Include -I../Drivers/CMSIS/Include -I../Middlewares/Third_Party/FreeRTOS/Source/include -I../Middlewares/Third_Party/FreeRTOS/Source/CMSIS_RTOS_V2 -I../Middlewares/Third_Party/FreeRTOS/Source/portable/GCC/ARM_CM4F -O0 -ffunction-sections -fdata-sections -Wall -fstack-usage -fcyclomatic-complexity -MMD -MP -MF"Core/Src/main.d" -MT"Core/Src/main.o" --specs=nano.specs -mfpu=fpv4-sp-d16 -mfloat-abi=hard -mthumb -o "Core/Src/main.o"
In file included from ../Core/Inc/LedTask.h:19,
                 from ../Core/Src/LedTask.c:7:
../Middlewares/Third_Party/FreeRTOS/Source/include/FreeRTOS.h:941:34: error: unknown type name 'SemaphoreHandle_t'; did you mean 'xSemaphoreHandle'?
  941 |         #define xSemaphoreHandle SemaphoreHandle_t
      |                                  ^~~~~~~~~~~~~~~~~
../Core/Src/LedTask.c:10:1: note: in expansion of macro 'xSemaphoreHandle'
   10 | xSemaphoreHandle miSem;
      | ^~~~~~~~~~~~~~~~
../Core/Src/LedTask.c: In function 'LedToggleTask':
../Core/Src/LedTask.c:16:24: warning: cast from pointer to integer of different size [-Wpointer-to-int-cast]
   16 |         uint8_t nLed = (uint8_t) pargs;
      |                        ^
../Core/Src/LedTask.c:16:17: warning: unused variable 'nLed' [-Wunused-variable]
   16 |         uint8_t nLed = (uint8_t) pargs;
      |                 ^~~~
../Core/Src/LedTask.c: In function 'ButtonTaskSemaphore':
../Core/Src/LedTask.c:79:23: warning: implicit declaration of function 'xSemaphoreCreateBinary' [-Wimplicit-function-declaration]
   79 |                 miSem=xSemaphoreCreateBinary();
      |                       ^~~~~~~~~~~~~~~~~~~~~~
../Core/Src/LedTask.c:82:33: warning: implicit declaration of function 'xSemaphoreGive'; did you mean 'xSemaphoreHandle'? [-Wimplicit-function-declaration]
   82 |                                 xSemaphoreGive (miSem);
      |                                 ^~~~~~~~~~~~~~
      |                                 xSemaphoreHandle
../Core/Src/LedTask.c: In function 'ledTaskSemaphore':
../Core/Src/LedTask.c:90:17: warning: implicit declaration of function 'xSemaphoreTake'; did you mean 'xSemaphoreHandle'? [-Wimplicit-function-declaration]
   90 |                 xSemaphoreTake(pdTRUE, portMAX_DELAY);
      |                 ^~~~~~~~~~~~~~
      |                 xSemaphoreHandle
../Core/Src/LedTask.c: In function 'CreateLedTask':
../Core/Src/LedTask.c:102:64: warning: passing argument 4 of 'xTaskCreate' makes pointer from integer without a cast [-Wint-conversion]
  102 |         xTaskCreate(ledTaskSemaphore, "ledTaskSemaphore", 128, 2, 1, NULL);
      |                                                                ^
      |                                                                |
      |                                                                int
In file included from ../Core/Inc/LedTask.h:20:
../Middlewares/Third_Party/FreeRTOS/Source/include/task.h:333:70: note: expected 'void * const' but argument is of type 'int'
  333 |                                                         void * const pvParameters,
      |                                                         ~~~~~~~~~~~~~^~~~~~~~~~~~
../Core/Src/LedTask.c:103:70: warning: passing argument 4 of 'xTaskCreate' makes pointer from integer without a cast [-Wint-conversion]
  103 |         xTaskCreate(ButtonTaskSemaphore, "ButtonTaskSemaphore", 128, 2, 1, NULL);
      |                                                                      ^
      |                                                                      |
      |                                                                      int
../Middlewares/Third_Party/FreeRTOS/Source/include/task.h:333:70: note: expected 'void * const' but argument is of type 'int'
  333 |                                                         void * const pvParameters,
      |                                                         ~~~~~~~~~~~~~^~~~~~~~~~~~
make: *** [Core/Src/subdir.mk:52: Core/Src/LedTask.o] Error 1
make: *** Waiting for unfinished jobs....
"make -j8 all" terminated with exit code 2. Build might be incomplete.
17:11:15 **** Incremental Build of configuration Debug for project Practica 2 ****
make -j8 all 
arm-none-eabi-gcc "../Core/Src/LedTask.c" -mcpu=cortex-m4 -std=gnu11 -g3 -DDEBUG -DUSE_HAL_DRIVER -DSTM32L475xx -c -I../Core/Inc -I../Drivers/STM32L4xx_HAL_Driver/Inc -I../Drivers/STM32L4xx_HAL_Driver/Inc/Legacy -I../Drivers/CMSIS/Device/ST/STM32L4xx/Include -I../Drivers/CMSIS/Include -I../Middlewares/Third_Party/FreeRTOS/Source/include -I../Middlewares/Third_Party/FreeRTOS/Source/CMSIS_RTOS_V2 -I../Middlewares/Third_Party/FreeRTOS/Source/portable/GCC/ARM_CM4F -O0 -ffunction-sections -fdata-sections -Wall -fstack-usage -fcyclomatic-complexity -MMD -MP -MF"Core/Src/LedTask.d" -MT"Core/Src/LedTask.o" --specs=nano.specs -mfpu=fpv4-sp-d16 -mfloat-abi=hard -mthumb -o "Core/Src/LedTask.o"
In file included from ../Core/Inc/LedTask.h:19,
                 from ../Core/Src/LedTask.c:7:
../Middlewares/Third_Party/FreeRTOS/Source/include/FreeRTOS.h:941:34: error: unknown type name 'SemaphoreHandle_t'; did you mean 'xSemaphoreHandle'?
  941 |         #define xSemaphoreHandle SemaphoreHandle_t
      |                                  ^~~~~~~~~~~~~~~~~
../Core/Src/LedTask.c:10:1: note: in expansion of macro 'xSemaphoreHandle'
   10 | xSemaphoreHandle miSem;
      | ^~~~~~~~~~~~~~~~
../Core/Src/LedTask.c:11:1: warning: data definition has no type or storage class
   11 | miSem=xSemaphoreCreateBinary();
      | ^~~~~
../Core/Src/LedTask.c:11:1: warning: type defaults to 'int' in declaration of 'miSem' [-Wimplicit-int]
../Core/Src/LedTask.c:11:7: warning: implicit declaration of function 'xSemaphoreCreateBinary' [-Wimplicit-function-declaration]
   11 | miSem=xSemaphoreCreateBinary();
      |       ^~~~~~~~~~~~~~~~~~~~~~
../Core/Src/LedTask.c:11:7: error: initializer element is not constant
../Core/Src/LedTask.c: In function 'LedToggleTask':
../Core/Src/LedTask.c:16:24: warning: cast from pointer to integer of different size [-Wpointer-to-int-cast]
   16 |         uint8_t nLed = (uint8_t) pargs;
      |                        ^
../Core/Src/LedTask.c:16:17: warning: unused variable 'nLed' [-Wunused-variable]
   16 |         uint8_t nLed = (uint8_t) pargs;
      |                 ^~~~
../Core/Src/LedTask.c: In function 'ButtonTaskSemaphore':
../Core/Src/LedTask.c:82:33: warning: implicit declaration of function 'xSemaphoreGive'; did you mean 'xSemaphoreHandle'? [-Wimplicit-function-declaration]
   82 |                                 xSemaphoreGive (miSem);
      |                                 ^~~~~~~~~~~~~~
      |                                 xSemaphoreHandle
../Core/Src/LedTask.c: In function 'ledTaskSemaphore':
../Core/Src/LedTask.c:90:17: warning: implicit declaration of function 'xSemaphoreTake'; did you mean 'xSemaphoreHandle'? [-Wimplicit-function-declaration]
   90 |                 xSemaphoreTake(pdTRUE, portMAX_DELAY);
      |                 ^~~~~~~~~~~~~~
      |                 xSemaphoreHandle
../Core/Src/LedTask.c: In function 'CreateLedTask':
../Core/Src/LedTask.c:102:64: warning: passing argument 4 of 'xTaskCreate' makes pointer from integer without a cast [-Wint-conversion]
  102 |         xTaskCreate(ledTaskSemaphore, "ledTaskSemaphore", 128, 2, 1, NULL);
      |                                                                ^
      |                                                                |
      |                                                                int
In file included from ../Core/Inc/LedTask.h:20:
../Middlewares/Third_Party/FreeRTOS/Source/include/task.h:333:70: note: expected 'void * const' but argument is of type 'int'
  333 |                                                         void * const pvParameters,
      |                                                         ~~~~~~~~~~~~~^~~~~~~~~~~~
../Core/Src/LedTask.c:103:70: warning: passing argument 4 of 'xTaskCreate' makes pointer from integer without a cast [-Wint-conversion]
  103 |         xTaskCreate(ButtonTaskSemaphore, "ButtonTaskSemaphore", 128, 2, 1, NULL);
      |                                                                      ^
      |                                                                      |
      |                                                                      int
../Middlewares/Third_Party/FreeRTOS/Source/include/task.h:333:70: note: expected 'void * const' but argument is of type 'int'
  333 |                                                         void * const pvParameters,
      |                                                         ~~~~~~~~~~~~~^~~~~~~~~~~~
make: *** [Core/Src/subdir.mk:52: Core/Src/LedTask.o] Error 1
"make -j8 all" terminated with exit code 2. Build might be incomplete.
17:29:14 **** Incremental Build of configuration Debug for project Practica 2 ****
make -j8 all 
arm-none-eabi-gcc "../Core/Src/LedTask.c" -mcpu=cortex-m4 -std=gnu11 -g3 -DDEBUG -DUSE_HAL_DRIVER -DSTM32L475xx -c -I../Core/Inc -I../Drivers/STM32L4xx_HAL_Driver/Inc -I../Drivers/STM32L4xx_HAL_Driver/Inc/Legacy -I../Drivers/CMSIS/Device/ST/STM32L4xx/Include -I../Drivers/CMSIS/Include -I../Middlewares/Third_Party/FreeRTOS/Source/include -I../Middlewares/Third_Party/FreeRTOS/Source/CMSIS_RTOS_V2 -I../Middlewares/Third_Party/FreeRTOS/Source/portable/GCC/ARM_CM4F -O0 -ffunction-sections -fdata-sections -Wall -fstack-usage -fcyclomatic-complexity -MMD -MP -MF"Core/Src/LedTask.d" -MT"Core/Src/LedTask.o" --specs=nano.specs -mfpu=fpv4-sp-d16 -mfloat-abi=hard -mthumb -o "Core/Src/LedTask.o"
In file included from ../Core/Inc/LedTask.h:19,
                 from ../Core/Src/LedTask.c:7:
../Middlewares/Third_Party/FreeRTOS/Source/include/FreeRTOS.h:941:34: error: unknown type name 'SemaphoreHandle_t'; did you mean 'xSemaphoreHandle'?
  941 |         #define xSemaphoreHandle SemaphoreHandle_t
      |                                  ^~~~~~~~~~~~~~~~~
../Core/Src/LedTask.c:10:1: note: in expansion of macro 'xSemaphoreHandle'
   10 | xSemaphoreHandle miSem;
      | ^~~~~~~~~~~~~~~~
../Core/Src/LedTask.c:11:1: warning: data definition has no type or storage class
   11 | miSem=xSemaphoreCreateBinary();
      | ^~~~~
../Core/Src/LedTask.c:11:1: warning: type defaults to 'int' in declaration of 'miSem' [-Wimplicit-int]
../Core/Src/LedTask.c:11:7: warning: implicit declaration of function 'xSemaphoreCreateBinary' [-Wimplicit-function-declaration]
   11 | miSem=xSemaphoreCreateBinary();
      |       ^~~~~~~~~~~~~~~~~~~~~~
../Core/Src/LedTask.c:11:7: error: initializer element is not constant
../Core/Src/LedTask.c: In function 'LedToggleTask':
../Core/Src/LedTask.c:16:24: warning: cast from pointer to integer of different size [-Wpointer-to-int-cast]
   16 |         uint8_t nLed = (uint8_t) pargs;
      |                        ^
../Core/Src/LedTask.c:16:17: warning: unused variable 'nLed' [-Wunused-variable]
   16 |         uint8_t nLed = (uint8_t) pargs;
      |                 ^~~~
../Core/Src/LedTask.c: In function 'ButtonTaskSemaphore':
../Core/Src/LedTask.c:82:33: warning: implicit declaration of function 'xSemaphoreGive'; did you mean 'xSemaphoreHandle'? [-Wimplicit-function-declaration]
   82 |                                 xSemaphoreGive (miSem);
      |                                 ^~~~~~~~~~~~~~
      |                                 xSemaphoreHandle
../Core/Src/LedTask.c: In function 'ledTaskSemaphore':
../Core/Src/LedTask.c:90:17: warning: implicit declaration of function 'xSemaphoreTake'; did you mean 'xSemaphoreHandle'? [-Wimplicit-function-declaration]
   90 |                 xSemaphoreTake(pdTRUE, portMAX_DELAY);
      |                 ^~~~~~~~~~~~~~
      |                 xSemaphoreHandle
../Core/Src/LedTask.c: In function 'CreateLedTask':
../Core/Src/LedTask.c:102:64: warning: passing argument 4 of 'xTaskCreate' makes pointer from integer without a cast [-Wint-conversion]
  102 |         xTaskCreate(ledTaskSemaphore, "ledTaskSemaphore", 128, 2, 1, NULL);
      |                                                                ^
      |                                                                |
      |                                                                int
In file included from ../Core/Inc/LedTask.h:20:
../Middlewares/Third_Party/FreeRTOS/Source/include/task.h:333:70: note: expected 'void * const' but argument is of type 'int'
  333 |                                                         void * const pvParameters,
      |                                                         ~~~~~~~~~~~~~^~~~~~~~~~~~
../Core/Src/LedTask.c:103:70: warning: passing argument 4 of 'xTaskCreate' makes pointer from integer without a cast [-Wint-conversion]
  103 |         xTaskCreate(ButtonTaskSemaphore, "ButtonTaskSemaphore", 128, 2, 1, NULL);
      |                                                                      ^
      |                                                                      |
      |                                                                      int
../Middlewares/Third_Party/FreeRTOS/Source/include/task.h:333:70: note: expected 'void * const' but argument is of type 'int'
  333 |                                                         void * const pvParameters,
      |                                                         ~~~~~~~~~~~~~^~~~~~~~~~~~
make: *** [Core/Src/subdir.mk:52: Core/Src/LedTask.o] Error 1
"make -j8 all" terminated with exit code 2. Build might be incomplete.
