../Core/Src/main.c:93:5:main	8	static
../Core/Src/main.c:182:6:SystemClock_Config	96	static
../Core/Src/main.c:243:13:MX_DFSDM1_Init	8	static
../Core/Src/main.c:281:13:MX_I2C2_Init	8	static
../Core/Src/main.c:329:13:MX_QUADSPI_Init	8	static
../Core/Src/main.c:362:13:MX_SPI3_Init	8	static
../Core/Src/main.c:402:13:MX_USART1_UART_Init	8	static
../Core/Src/main.c:437:13:MX_USART3_UART_Init	8	static
../Core/Src/main.c:472:13:MX_USB_OTG_FS_PCD_Init	8	static
../Core/Src/main.c:507:13:MX_GPIO_Init	48	static
../Core/Src/main.c:706:6:StartDefaultTask	16	static
../Core/Src/main.c:725:6:HAL_TIM_PeriodElapsedCallback	16	static
../Core/Src/main.c:743:6:Error_Handler	4	static,ignoring_inline_asm
