../Core/Src/main.c:65:5:__io_putchar	16	static
../Core/Src/main.c:100:5:main	8	static
../Core/Src/main.c:188:6:SystemClock_Config	96	static
../Core/Src/main.c:249:13:MX_DFSDM1_Init	8	static
../Core/Src/main.c:287:13:MX_I2C2_Init	8	static
../Core/Src/main.c:335:13:MX_QUADSPI_Init	8	static
../Core/Src/main.c:368:13:MX_SPI3_Init	8	static
../Core/Src/main.c:408:13:MX_USART1_UART_Init	8	static
../Core/Src/main.c:443:13:MX_USART3_UART_Init	8	static
../Core/Src/main.c:478:13:MX_USB_OTG_FS_PCD_Init	8	static
../Core/Src/main.c:513:13:MX_GPIO_Init	48	static
../Core/Src/main.c:712:6:StartDefaultTask	16	static
../Core/Src/main.c:731:6:HAL_TIM_PeriodElapsedCallback	16	static
../Core/Src/main.c:749:6:Error_Handler	4	static,ignoring_inline_asm
