2025-11-19 18:01:54,000 [INFO] Activator:176 - 


2025-11-19 18:01:54,011 [INFO] Activator:177 - !SESSION log4j initialized
2025-11-19 18:02:05,956 [INFO] LogOutputStream:77 - [STDOUT_REDIRECT] 
2025-11-19 18:02:15,476 [INFO] ApplicationProperties:184 - Using Application install path: /opt/st/stm32cubeide_1.19.0/plugins/com.st.stm32cube.common.mx_6.15.0.202507011659
2025-11-19 18:02:15,567 [INFO] DbMcusXml:78 - Set database path to: /opt/st/stm32cubeide_1.19.0/plugins/com.st.stm32cube.common.mx_6.15.0.202507011659//db//mcu/
2025-11-19 18:02:15,567 [INFO] ApiDb:274 - Set plugin database path to: /opt/st/stm32cubeide_1.19.0/plugins/com.st.stm32cube.common.mx_6.15.0.202507011659//db//plugins/boardmanager/
2025-11-19 18:02:15,568 [WARN] ApiDb:259 - Overriding images path with different value:  => /opt/st/stm32cubeide_1.19.0/plugins/com.st.stm32cube.common.mx_6.15.0.202507011659//db//plugins/mcufinder/images/
2025-11-19 18:02:15,680 [INFO] ApiDb:250 - Set database path to: /home/pinkyflowy/.stmcufinder/plugins/mcufinder//mcu/
2025-11-19 18:02:15,685 [INFO] DbMcusAds:125 - Set database path to: /home/pinkyflowy/.stmcufinder/plugins/mcufinder//mcu/
2025-11-19 18:02:15,692 [INFO] CrossReferenceDbSqlite:203 - Set database path to: /home/pinkyflowy/.stmcufinder/plugins/mcufinder//mcu/cs/
2025-11-19 18:02:16,289 [INFO] RulesReader:64 - Compatibility file has been processed (317 Rules)
2025-11-19 18:02:16,649 [INFO] DbMcusXml:78 - Set database path to: /opt/st/stm32cubeide_1.19.0/plugins/com.st.stm32cube.common.mx_6.15.0.202507011659//db//mcu/
2025-11-19 18:02:16,650 [INFO] ApiDb:274 - Set plugin database path to: /opt/st/stm32cubeide_1.19.0/plugins/com.st.stm32cube.common.mx_6.15.0.202507011659//db//plugins/boardmanager/
2025-11-19 18:02:16,650 [INFO] ApiDb:261 - Set plugin images path to: /opt/st/stm32cubeide_1.19.0/plugins/com.st.stm32cube.common.mx_6.15.0.202507011659//db//plugins/mcufinder/images/
2025-11-19 18:02:16,650 [WARN] DbFile:41 - Overriding database path with different value: /home/pinkyflowy/.stmcufinder/plugins/mcufinder/ => /home/pinkyflowy/.stmcufinder/plugins/mcufinder
2025-11-19 18:02:16,650 [INFO] ApiDb:250 - Set database path to: /home/pinkyflowy/.stmcufinder/plugins/mcufinder//mcu/
2025-11-19 18:02:16,650 [WARN] DbFile:41 - Overriding database path with different value: /home/pinkyflowy/.stmcufinder/plugins/mcufinder/ => /home/pinkyflowy/.stmcufinder/plugins/mcufinder
2025-11-19 18:02:16,650 [INFO] DbMcusAds:125 - Set database path to: /home/pinkyflowy/.stmcufinder/plugins/mcufinder//mcu/
2025-11-19 18:02:16,650 [WARN] DbFile:41 - Overriding database path with different value: /home/pinkyflowy/.stmcufinder/plugins/mcufinder/ => /home/pinkyflowy/.stmcufinder/plugins/mcufinder
2025-11-19 18:02:16,651 [WARN] DbFile:41 - Overriding database path with different value: /home/pinkyflowy/.stmcufinder/plugins/mcufinder/ => /home/pinkyflowy/.stmcufinder/plugins/mcufinder
2025-11-19 18:02:16,651 [INFO] CrossReferenceDbSqlite:203 - Set database path to: /home/pinkyflowy/.stmcufinder/plugins/mcufinder//mcu/cs/
2025-11-19 18:02:17,029 [INFO] MainPanel:274 - HeapMemory: 268435456
2025-11-19 18:02:18,070 [INFO] DbMcusXml:78 - Set database path to: /opt/st/stm32cubeide_1.19.0/plugins/com.st.stm32cube.common.mx_6.15.0.202507011659//db//mcu/
2025-11-19 18:02:18,070 [INFO] ApiDb:274 - Set plugin database path to: /opt/st/stm32cubeide_1.19.0/plugins/com.st.stm32cube.common.mx_6.15.0.202507011659//db//plugins/boardmanager/
2025-11-19 18:02:18,070 [INFO] ApiDb:261 - Set plugin images path to: /opt/st/stm32cubeide_1.19.0/plugins/com.st.stm32cube.common.mx_6.15.0.202507011659//db//plugins/mcufinder/images/
2025-11-19 18:02:18,070 [WARN] DbFile:41 - Overriding database path with different value: /home/pinkyflowy/.stmcufinder/plugins/mcufinder/ => /home/pinkyflowy/.stmcufinder/plugins/mcufinder
2025-11-19 18:02:18,071 [INFO] ApiDb:250 - Set database path to: /home/pinkyflowy/.stmcufinder/plugins/mcufinder//mcu/
2025-11-19 18:02:18,071 [WARN] DbFile:41 - Overriding database path with different value: /home/pinkyflowy/.stmcufinder/plugins/mcufinder/ => /home/pinkyflowy/.stmcufinder/plugins/mcufinder
2025-11-19 18:02:18,071 [INFO] DbMcusAds:125 - Set database path to: /home/pinkyflowy/.stmcufinder/plugins/mcufinder//mcu/
2025-11-19 18:02:18,071 [WARN] DbFile:41 - Overriding database path with different value: /home/pinkyflowy/.stmcufinder/plugins/mcufinder/ => /home/pinkyflowy/.stmcufinder/plugins/mcufinder
2025-11-19 18:02:18,071 [WARN] DbFile:41 - Overriding database path with different value: /home/pinkyflowy/.stmcufinder/plugins/mcufinder/ => /home/pinkyflowy/.stmcufinder/plugins/mcufinder
2025-11-19 18:02:18,150 [INFO] CrossReferenceDbSqlite:203 - Set database path to: /home/pinkyflowy/.stmcufinder/plugins/mcufinder//mcu/cs/
2025-11-19 18:02:18,249 [INFO] ApplicationProperties:184 - Using Application install path: /opt/st/stm32cubeide_1.19.0/plugins/com.st.stm32cube.common.mx_6.15.0.202507011659
2025-11-19 18:02:18,267 [INFO] PluginManage:196 - Search for loadable plugins [exclusion list=, ]
2025-11-19 18:02:18,291 [INFO] PluginManage:310 - Check plugin analytics
2025-11-19 18:02:18,753 [INFO] AnalyticsPlugin:253 - Accepted Software Licenses: 
2025-11-19 18:02:18,753 [INFO] AnalyticsPlugin:255 - Accepted CMSIS Pack Licenses: 
2025-11-19 18:02:18,753 [INFO] AnalyticsPlugin:257 - Accepted Firmware Licenses: FW.L4.1.18.0
2025-11-19 18:02:18,756 [INFO] PluginManage:359 - Loaded plugin analytics (category:tool,tabindex:-1)
2025-11-19 18:02:18,757 [INFO] PluginManage:310 - Check plugin cadmodel
2025-11-19 18:02:18,780 [INFO] CADModel:105 - Init CAD model plugin
2025-11-19 18:02:18,780 [INFO] PluginManage:359 - Loaded plugin cadmodel (category:power,tabindex:5)
2025-11-19 18:02:18,780 [INFO] PluginManage:310 - Check plugin clock
2025-11-19 18:02:18,816 [INFO] PluginManage:359 - Loaded plugin clock (category:base,tabindex:2)
2025-11-19 18:02:18,817 [INFO] PluginManage:310 - Check plugin ddr
2025-11-19 18:02:18,840 [INFO] PluginManage:359 - Loaded plugin ddr (category:tool,tabindex:6)
2025-11-19 18:02:18,840 [INFO] PluginManage:310 - Check plugin filemanager
2025-11-19 18:02:19,156 [INFO] PluginManage:359 - Loaded plugin filemanager (category:base,tabindex:10)
2025-11-19 18:02:19,156 [INFO] PluginManage:310 - Check plugin ipmanager
2025-11-19 18:02:19,169 [INFO] PluginManage:359 - Loaded plugin ipmanager (category:base,tabindex:5)
2025-11-19 18:02:19,169 [INFO] PluginManage:310 - Check plugin lpbam
2025-11-19 18:02:19,207 [INFO] PluginManage:359 - Loaded plugin lpbam (category:base,tabindex:0)
2025-11-19 18:02:19,207 [INFO] PluginManage:310 - Check plugin memorymap
2025-11-19 18:02:19,251 [INFO] PluginManage:359 - Loaded plugin memorymap (category:base,tabindex:4)
2025-11-19 18:02:19,251 [INFO] PluginManage:310 - Check plugin pinoutandconfiguration
2025-11-19 18:02:19,305 [INFO] PluginManage:359 - Loaded plugin pinoutandconfiguration (category:base,tabindex:1)
2025-11-19 18:02:19,306 [INFO] PluginManage:310 - Check plugin pinoutconfig
2025-11-19 18:02:19,528 [WARN] SupportedApi:132 - Cannot load RTOS API schema: s4s-elt-must-match.1: The content of 'definitions' must match (annotation?, (simpleType | complexType)?, (unique | key | keyref)*)). A problem was found starting at: attribute.
2025-11-19 18:02:19,778 [INFO] PluginManage:359 - Loaded plugin pinoutconfig (category:base,tabindex:0)
2025-11-19 18:02:19,778 [INFO] PluginManage:310 - Check plugin power
2025-11-19 18:02:19,834 [INFO] PluginManage:359 - Loaded plugin power (category:power,tabindex:4)
2025-11-19 18:02:19,835 [INFO] PluginManage:310 - Check plugin projectmanager
2025-11-19 18:02:19,878 [INFO] PluginManage:359 - Loaded plugin projectmanager (category:projectmanager,tabindex:4)
2025-11-19 18:02:19,878 [INFO] PluginManage:310 - Check plugin rif
2025-11-19 18:02:19,952 [INFO] PluginManage:359 - Loaded plugin rif (category:base,tabindex:3)
2025-11-19 18:02:19,952 [INFO] PluginManage:310 - Check plugin thirdparty
2025-11-19 18:02:20,426 [INFO] PluginManage:359 - Loaded plugin thirdparty (category:base,tabindex:-1)
2025-11-19 18:02:20,426 [WARN] IntegrityCheckThread:84 - waiting for thirdparty lock release [integrity check]
2025-11-19 18:02:20,427 [INFO] IntegrityCheckThread:86 - entering critical section [integrity check]
2025-11-19 18:02:20,426 [INFO] PluginManage:310 - Check plugin tools
2025-11-19 18:02:20,427 [INFO] ThirdPartyUpdaterWithRetryManager:70 - Updater plugin not ready yet. [1/15]
2025-11-19 18:02:20,456 [INFO] PluginManage:359 - Loaded plugin tools (category:base,tabindex:7)
2025-11-19 18:02:20,456 [INFO] PluginManage:310 - Check plugin tutovideos
2025-11-19 18:02:20,865 [INFO] PluginManage:359 - Loaded plugin tutovideos (category:base,tabindex:-1)
2025-11-19 18:02:20,866 [INFO] PluginManage:310 - Check plugin updater
2025-11-19 18:02:20,914 [INFO] PluginManage:359 - Loaded plugin updater (category:base,tabindex:12)
2025-11-19 18:02:20,914 [INFO] PluginManage:310 - Check plugin userauth
2025-11-19 18:02:20,949 [INFO] UserAuth:118 - Init User Auth plugin
2025-11-19 18:02:20,949 [INFO] PluginManage:359 - Loaded plugin userauth (category:base,tabindex:14)
2025-11-19 18:02:20,950 [INFO] PluginManage:283 - PluginManage : Loaded plugins [18]
2025-11-19 18:02:21,682 [INFO] PinOutPanel:1589 - setPackage(No Configuration,No Configuration)
2025-11-19 18:02:22,157 [INFO] CADModel:165 - CPN selected for project level
2025-11-19 18:02:22,157 [INFO] CADModel:114 - Register for checkConnection events
2025-11-19 18:02:22,265 [INFO] IPUIPlugin:80 - create IPUIPlugin
2025-11-19 18:02:22,265 [INFO] PluginManager:220 - loadIPPluginJar : add can
2025-11-19 18:02:22,287 [INFO] IPUIPlugin:80 - create IPUIPlugin
2025-11-19 18:02:22,288 [INFO] PluginManager:220 - loadIPPluginJar : add openamp
2025-11-19 18:02:22,327 [INFO] IPUIPlugin:80 - create IPUIPlugin
2025-11-19 18:02:22,327 [INFO] PluginManager:220 - loadIPPluginJar : add ddr_ctrl_phy
2025-11-19 18:02:22,346 [INFO] IPUIPlugin:80 - create IPUIPlugin
2025-11-19 18:02:22,347 [INFO] PluginManager:220 - loadIPPluginJar : add usart
2025-11-19 18:02:22,378 [INFO] IPUIPlugin:80 - create IPUIPlugin
2025-11-19 18:02:22,378 [INFO] PluginManager:220 - loadIPPluginJar : add freertos
2025-11-19 18:02:22,383 [INFO] IPUIPlugin:80 - create IPUIPlugin
2025-11-19 18:02:22,383 [INFO] PluginManager:220 - loadIPPluginJar : add opamp
2025-11-19 18:02:22,422 [INFO] IPUIPlugin:80 - create IPUIPlugin
2025-11-19 18:02:22,423 [INFO] PluginManager:220 - loadIPPluginJar : add nvic
2025-11-19 18:02:22,426 [INFO] IPUIPlugin:80 - create IPUIPlugin
2025-11-19 18:02:22,427 [INFO] PluginManager:220 - loadIPPluginJar : add tsc
2025-11-19 18:02:22,475 [INFO] IPUIPlugin:80 - create IPUIPlugin
2025-11-19 18:02:22,475 [INFO] PluginManager:220 - loadIPPluginJar : add resmgrutility
2025-11-19 18:02:22,501 [INFO] IPUIPlugin:80 - create IPUIPlugin
2025-11-19 18:02:22,507 [INFO] PluginManager:220 - loadIPPluginJar : add plateformsettings
2025-11-19 18:02:22,540 [INFO] IPUIPlugin:80 - create IPUIPlugin
2025-11-19 18:02:22,541 [INFO] PluginManager:220 - loadIPPluginJar : add hash
2025-11-19 18:02:22,605 [INFO] IPUIPlugin:80 - create IPUIPlugin
2025-11-19 18:02:22,606 [INFO] PluginManager:220 - loadIPPluginJar : add linkedlist
2025-11-19 18:02:22,612 [INFO] IPUIPlugin:80 - create IPUIPlugin
2025-11-19 18:02:22,613 [INFO] PluginManager:220 - loadIPPluginJar : add tim
2025-11-19 18:02:22,646 [INFO] IPUIPlugin:80 - create IPUIPlugin
2025-11-19 18:02:22,647 [INFO] PluginManager:220 - loadIPPluginJar : add sai
2025-11-19 18:02:22,761 [INFO] IPUIPlugin:80 - create IPUIPlugin
2025-11-19 18:02:22,761 [INFO] PluginManager:220 - loadIPPluginJar : add pdm2pcm
2025-11-19 18:02:22,791 [INFO] IPUIPlugin:80 - create IPUIPlugin
2025-11-19 18:02:22,792 [INFO] PluginManager:220 - loadIPPluginJar : add i2c
2025-11-19 18:02:22,842 [INFO] IPUIPlugin:80 - create IPUIPlugin
2025-11-19 18:02:22,843 [INFO] PluginManager:220 - loadIPPluginJar : add aes
2025-11-19 18:02:22,850 [INFO] IPUIPlugin:80 - create IPUIPlugin
2025-11-19 18:02:22,850 [INFO] PluginManager:220 - loadIPPluginJar : add touchsensing
2025-11-19 18:02:22,853 [INFO] IPUIPlugin:80 - create IPUIPlugin
2025-11-19 18:02:22,853 [INFO] PluginManager:220 - loadIPPluginJar : add gfxmmu
2025-11-19 18:02:22,857 [INFO] IPUIPlugin:80 - create IPUIPlugin
2025-11-19 18:02:22,857 [INFO] PluginManager:220 - loadIPPluginJar : add lorawan
2025-11-19 18:02:22,859 [INFO] IPUIPlugin:80 - create IPUIPlugin
2025-11-19 18:02:22,859 [INFO] PluginManager:220 - loadIPPluginJar : add genericplugin
2025-11-19 18:02:22,904 [INFO] IPUIPlugin:80 - create IPUIPlugin
2025-11-19 18:02:22,904 [INFO] PluginManager:220 - loadIPPluginJar : add quadspi
2025-11-19 18:02:22,907 [INFO] IPUIPlugin:80 - create IPUIPlugin
2025-11-19 18:02:22,908 [INFO] PluginManager:220 - loadIPPluginJar : add cryp
2025-11-19 18:02:22,911 [INFO] IPUIPlugin:80 - create IPUIPlugin
2025-11-19 18:02:22,912 [INFO] PluginManager:220 - loadIPPluginJar : add i2s
2025-11-19 18:02:22,922 [INFO] IPUIPlugin:80 - create IPUIPlugin
2025-11-19 18:02:22,922 [INFO] PluginManager:220 - loadIPPluginJar : add gic
2025-11-19 18:02:22,955 [INFO] IPUIPlugin:80 - create IPUIPlugin
2025-11-19 18:02:22,955 [INFO] PluginManager:220 - loadIPPluginJar : add mdma
2025-11-19 18:02:22,958 [INFO] IPUIPlugin:80 - create IPUIPlugin
2025-11-19 18:02:22,958 [INFO] PluginManager:220 - loadIPPluginJar : add usbx
2025-11-19 18:02:22,961 [INFO] IPUIPlugin:80 - create IPUIPlugin
2025-11-19 18:02:22,962 [INFO] PluginManager:220 - loadIPPluginJar : add gtzc
2025-11-19 18:02:22,963 [INFO] IPUIPlugin:80 - create IPUIPlugin
2025-11-19 18:02:22,964 [INFO] PluginManager:220 - loadIPPluginJar : add ucpd
2025-11-19 18:02:22,977 [INFO] IPUIPlugin:80 - create IPUIPlugin
2025-11-19 18:02:22,977 [INFO] PluginManager:220 - loadIPPluginJar : add i3c
2025-11-19 18:02:23,003 [INFO] IPUIPlugin:80 - create IPUIPlugin
2025-11-19 18:02:23,003 [INFO] PluginManager:220 - loadIPPluginJar : add fatfs
2025-11-19 18:02:23,005 [INFO] IPUIPlugin:80 - create IPUIPlugin
2025-11-19 18:02:23,005 [INFO] PluginManager:220 - loadIPPluginJar : add ltdc
2025-11-19 18:02:23,051 [INFO] IPUIPlugin:80 - create IPUIPlugin
2025-11-19 18:02:23,051 [INFO] PluginManager:220 - loadIPPluginJar : add stm32_wpan
2025-11-19 18:02:23,066 [INFO] IPUIPlugin:80 - create IPUIPlugin
2025-11-19 18:02:23,066 [INFO] PluginManager:220 - loadIPPluginJar : add ipddr
2025-11-19 18:02:23,086 [INFO] IPUIPlugin:80 - create IPUIPlugin
2025-11-19 18:02:23,087 [INFO] PluginManager:220 - loadIPPluginJar : add gpio
2025-11-19 18:02:23,099 [INFO] IPUIPlugin:80 - create IPUIPlugin
2025-11-19 18:02:23,099 [INFO] PluginManager:220 - loadIPPluginJar : add adc
2025-11-19 18:02:23,102 [INFO] IPUIPlugin:80 - create IPUIPlugin
2025-11-19 18:02:23,103 [INFO] PluginManager:220 - loadIPPluginJar : add spi
2025-11-19 18:02:23,105 [INFO] IPUIPlugin:80 - create IPUIPlugin
2025-11-19 18:02:23,105 [INFO] PluginManager:220 - loadIPPluginJar : add comp
2025-11-19 18:02:23,163 [INFO] IPUIPlugin:80 - create IPUIPlugin
2025-11-19 18:02:23,163 [INFO] PluginManager:220 - loadIPPluginJar : add dma
2025-11-19 18:02:23,165 [INFO] IPUIPlugin:80 - create IPUIPlugin
2025-11-19 18:02:23,166 [INFO] PluginManager:220 - loadIPPluginJar : add radio
2025-11-19 18:02:23,181 [INFO] IPUIPlugin:80 - create IPUIPlugin
2025-11-19 18:02:23,182 [INFO] PluginManager:220 - loadIPPluginJar : add dfsdm
2025-11-19 18:02:23,194 [INFO] IPUIPlugin:80 - create IPUIPlugin
2025-11-19 18:02:23,194 [INFO] PluginManager:220 - loadIPPluginJar : add extmemmanager
2025-11-19 18:02:23,197 [INFO] IPUIPlugin:80 - create IPUIPlugin
2025-11-19 18:02:23,198 [INFO] PluginManager:220 - loadIPPluginJar : add dma3
2025-11-19 18:02:23,200 [INFO] IPUIPlugin:80 - create IPUIPlugin
2025-11-19 18:02:23,200 [INFO] PluginManager:220 - loadIPPluginJar : add ts
2025-11-19 18:02:23,202 [INFO] IPUIPlugin:80 - create IPUIPlugin
2025-11-19 18:02:23,203 [INFO] PluginManager:220 - loadIPPluginJar : add tracer_emb
2025-11-19 18:02:23,208 [INFO] IPUIPlugin:80 - create IPUIPlugin
2025-11-19 18:02:23,208 [INFO] PluginManager:220 - loadIPPluginJar : add fmc
2025-11-19 18:02:23,376 [FATAL] Updater:351 - Updater called before beeing initialized
2025-11-19 18:02:23,427 [INFO] ThirdPartyUpdaterWithRetryManager:70 - Updater plugin not ready yet. [2/15]
2025-11-19 18:02:23,683 [INFO] RulesReader:64 - Compatibility file has been processed (317 Rules)
2025-11-19 18:02:23,703 [INFO] RulesReader:64 - Compatibility file has been processed (317 Rules)
2025-11-19 18:02:23,711 [INFO] CADModel:165 - CPN selected for project level
2025-11-19 18:02:23,711 [INFO] CADModel:114 - Register for checkConnection events
2025-11-19 18:02:23,711 [FATAL] Updater:351 - Updater called before beeing initialized
2025-11-19 18:02:23,711 [ERROR] CADModel:125 - Updater not yet initialized, retry later 
2025-11-19 18:02:24,289 [FATAL] Updater:351 - Updater called before beeing initialized
2025-11-19 18:02:24,291 [INFO] CADModel:165 - CPN selected for project level
2025-11-19 18:02:24,291 [INFO] CADModel:114 - Register for checkConnection events
2025-11-19 18:02:24,291 [FATAL] Updater:351 - Updater called before beeing initialized
2025-11-19 18:02:24,291 [ERROR] CADModel:125 - Updater not yet initialized, retry later 
2025-11-19 18:02:24,295 [FATAL] Updater:351 - Updater called before beeing initialized
2025-11-19 18:02:24,442 [FATAL] Updater:351 - Updater called before beeing initialized
2025-11-19 18:02:24,471 [INFO] DbMcusAds:53 - JSON generation date=Thu Oct 02 11:36:05 CEST 2025 (1759397765645)
2025-11-19 18:02:24,472 [FATAL] Updater:351 - Updater called before beeing initialized
2025-11-19 18:02:24,590 [WARN] DetailPanel:346 - Failed to get advertising image, set to default
2025-11-19 18:02:24,729 [FATAL] Updater:351 - Updater called before beeing initialized
2025-11-19 18:02:24,746 [FATAL] Updater:351 - Updater called before beeing initialized
2025-11-19 18:02:24,746 [FATAL] Updater:351 - Updater called before beeing initialized
2025-11-19 18:02:24,747 [WARN] DetailPanel:346 - Failed to get advertising image, set to default
2025-11-19 18:02:24,747 [FATAL] Updater:351 - Updater called before beeing initialized
2025-11-19 18:02:24,838 [ERROR] Updater:1198 - MainUpdater not yet initialized. External WinMGr cannot be set.
2025-11-19 18:02:24,846 [INFO] Updater:1134 - Updater Version found : 6.15.0
2025-11-19 18:02:24,885 [INFO] ApplicationProperties:184 - Using Application install path: /opt/st/stm32cubeide_1.19.0/plugins/com.st.stm32cube.common.mx_6.15.0.202507011659
2025-11-19 18:02:25,698 [INFO] MainUpdater:2872 - connection check result : 10
2025-11-19 18:02:25,700 [INFO] MainUpdater:289 - Updater Check For Update Now.
2025-11-19 18:02:25,701 [INFO] MicroXplorer:498 - Change Database Version : DB.6.0.150
2025-11-19 18:02:25,738 [INFO] McuFinderGlobals:63 - Set McuFinder mode to 2 (CubeIDE integrated)
2025-11-19 18:02:25,738 [INFO] UserAuth:171 - activating auth plugin
2025-11-19 18:02:25,756 [INFO] UserAuth:487 - Internet connection configuration mode: 1
2025-11-19 18:02:25,946 [INFO] JxBrowserEngine:152 - Initiate JxBrowser Engine with user profile folder
2025-11-19 18:02:26,071 [INFO] CheckServerUpdateThread:120 - End of CheckServer Thread
2025-11-19 18:02:28,486 [WARN] PackLoader:240 - Cannot read IP mode file for STMicroelectronics.FP-SNS-MOTENVWB1.1.4.0
2025-11-19 18:02:28,503 [WARN] PackLoader:240 - Cannot read IP mode file for STMicroelectronics.FP-ATR-ASTRA1.2.0.2
2025-11-19 18:02:28,542 [WARN] PackLoader:240 - Cannot read IP mode file for STMicroelectronics.X-CUBE-SMBUS.2.1.0
2025-11-19 18:02:28,571 [WARN] PackLoader:240 - Cannot read IP mode file for STMicroelectronics.X-CUBE-ST60.1.0.0
2025-11-19 18:02:28,714 [WARN] PackLoader:240 - Cannot read IP mode file for STMicroelectronics.X-CUBE-AZRTOS-F7.1.1.0
2025-11-19 18:02:28,757 [WARN] PackLoader:240 - Cannot read IP mode file for STMicroelectronics.FP-SNS-MOTENV1.5.1.0
2025-11-19 18:02:28,831 [WARN] PackLoader:240 - Cannot read IP mode file for WES.I-CUBE-Cesium.1.4.0
2025-11-19 18:02:28,883 [WARN] PackLoader:240 - Cannot read IP mode file for Infineon.AIROC-Wi-Fi-Bluetooth-STM32.1.7.1
2025-11-19 18:02:28,999 [WARN] PackLoader:240 - Cannot read IP mode file for STMicroelectronics.X-CUBE-AZRTOS-H7.3.4.0
2025-11-19 18:02:29,091 [WARN] PackLoader:240 - Cannot read IP mode file for STMicroelectronics.X-CUBE-DISPLAY.3.0.0
2025-11-19 18:02:29,160 [WARN] PackLoader:240 - Cannot read IP mode file for STMicroelectronics.X-CUBE-NFC10.1.0.0
2025-11-19 18:02:29,190 [WARN] PackLoader:240 - Cannot read IP mode file for STMicroelectronics.X-CUBE-ST60.1.1.0
2025-11-19 18:02:29,243 [WARN] PackLoader:240 - Cannot read IP mode file for emotas.I-CUBE-CANOPEN.1.3.0
2025-11-19 18:02:29,270 [WARN] PackLoader:240 - Cannot read IP mode file for STMicroelectronics.X-CUBE-GNSS1.7.1.0
2025-11-19 18:02:29,303 [WARN] PackLoader:240 - Cannot read IP mode file for STMicroelectronics.FP-SNS-STBOX1.2.1.0
2025-11-19 18:02:29,343 [WARN] PackLoader:240 - Cannot read IP mode file for STMicroelectronics.FP-SNS-SMARTAG2.1.2.0
2025-11-19 18:02:29,355 [WARN] PackLoader:240 - Cannot read IP mode file for STMicroelectronics.FP-SNS-FLIGHT1.5.1.0
2025-11-19 18:02:29,441 [INFO] LogOutputStream:77 - [STDOUT_REDIRECT] 1 : Invalid condition id : UX_CORESTACK_Condition cause : null
2025-11-19 18:02:29,442 [INFO] LogOutputStream:77 - [STDOUT_REDIRECT] 1 : Invalid condition id : UX_CORESTACK_Condition cause : null
2025-11-19 18:02:29,442 [INFO] LogOutputStream:77 - [STDOUT_REDIRECT] 1 : Invalid condition id : UX_CORESTACK_Condition cause : null
2025-11-19 18:02:29,442 [INFO] LogOutputStream:77 - [STDOUT_REDIRECT] 1 : Invalid condition id : UX_CORESTACK_Condition cause : null
2025-11-19 18:02:29,443 [INFO] LogOutputStream:77 - [STDOUT_REDIRECT] 1 : Invalid condition id : UX_CORESTACK_Condition cause : null
2025-11-19 18:02:29,447 [WARN] PackLoader:240 - Cannot read IP mode file for STMicroelectronics.X-CUBE-AZRTOS-WL.2.0.0
2025-11-19 18:02:29,488 [WARN] PackLoader:240 - Cannot read IP mode file for STMicroelectronics.FP-SNS-MOTENV1.5.0.0
2025-11-19 18:02:29,534 [WARN] PackLoader:240 - Cannot read IP mode file for STMicroelectronics.X-CUBE-BLE2.3.3.0
2025-11-19 18:02:29,614 [WARN] PackLoader:240 - Cannot read IP mode file for STMicroelectronics.X-CUBE-NFC9.1.0.0
2025-11-19 18:02:29,658 [WARN] PackLoader:240 - Cannot read IP mode file for wolfSSL.I-CUBE-wolfSSL.5.8.2
2025-11-19 18:02:29,661 [WARN] PackLoader:240 - Cannot read IP mode file for STMicroelectronics.X-CUBE-BLE1.7.1.0
2025-11-19 18:02:29,712 [WARN] PackLoader:240 - Cannot read IP mode file for wolfSSL.I-CUBE-wolfMQTT.1.19.2
2025-11-19 18:02:29,761 [WARN] PackLoader:240 - Cannot read IP mode file for STMicroelectronics.X-CUBE-EEPRMA1.5.2.0
2025-11-19 18:02:29,804 [WARN] PackLoader:240 - Cannot read IP mode file for STMicroelectronics.X-CUBE-ST67W61.1.1.0
2025-11-19 18:02:29,862 [WARN] PackLoader:240 - Cannot read IP mode file for STMicroelectronics.X-CUBE-AZRTOS-G0.1.1.0
2025-11-19 18:02:29,911 [WARN] PackLoader:240 - Cannot read IP mode file for STMicroelectronics.X-CUBE-SAFEA1.1.2.2
2025-11-19 18:02:30,030 [WARN] PackLoader:240 - Cannot read IP mode file for STMicroelectronics.X-CUBE-NFC4.3.0.0
2025-11-19 18:02:30,094 [WARN] PackLoader:240 - Cannot read IP mode file for EmbeddedOffice.I-CUBE-FS-RTOS.1.0.1
2025-11-19 18:02:30,141 [WARN] PackLoader:240 - Cannot read IP mode file for STMicroelectronics.X-CUBE-WB05N.2.0.0
2025-11-19 18:02:30,145 [WARN] PackLoader:240 - Cannot read IP mode file for wolfSSL.I-CUBE-wolfTPM.3.8.0
2025-11-19 18:02:30,151 [WARN] PackLoader:240 - Cannot read IP mode file for STMicroelectronics.X-CUBE-TCPP.4.2.0
2025-11-19 18:02:30,176 [WARN] PackLoader:240 - Cannot read IP mode file for RealThread.X-CUBE-RT-Thread_Nano.4.1.1
2025-11-19 18:02:30,215 [WARN] PackLoader:240 - Cannot read IP mode file for STMicroelectronics.FP-ATR-SIGFOX1.3.2.0
2025-11-19 18:02:30,254 [WARN] PackLoader:240 - Cannot read IP mode file for ITTIA_DB.I-CUBE-ITTIADB.8.9.0
2025-11-19 18:02:30,295 [WARN] PackLoader:240 - Cannot read IP mode file for STMicroelectronics.X-CUBE-ST67W61.1.0.0
2025-11-19 18:02:30,329 [WARN] PackLoader:240 - Cannot read IP mode file for STMicroelectronics.X-CUBE-AI.10.2.0
2025-11-19 18:02:30,384 [WARN] PackLoader:240 - Cannot read IP mode file for SEGGER.I-CUBE-embOS.1.3.1
2025-11-19 18:02:30,448 [WARN] PackLoader:240 - Cannot read IP mode file for STMicroelectronics.X-CUBE-ALGOBUILD.1.4.0
2025-11-19 18:02:30,551 [WARN] PackLoader:240 - Cannot read IP mode file for STMicroelectronics.X-CUBE-MEMS1.11.3.0
2025-11-19 18:02:30,799 [WARN] PackLoader:240 - Cannot read IP mode file for STMicroelectronics.X-CUBE-PM33A1.1.0.0
2025-11-19 18:02:30,884 [WARN] PackLoader:240 - Cannot read IP mode file for STMicroelectronics.X-CUBE-AZRTOS-F4.1.1.0
2025-11-19 18:02:30,917 [WARN] PackLoader:240 - Cannot read IP mode file for Avnet-IotConnect.X-CUBE-IoTC-DA16k-PMOD.1.0.0
2025-11-19 18:02:30,949 [WARN] PackLoader:240 - Cannot read IP mode file for STMicroelectronics.X-CUBE-ISPU.2.1.0
2025-11-19 18:02:30,987 [WARN] PackLoader:240 - Cannot read IP mode file for STMicroelectronics.X-CUBE-IPS.3.2.0
2025-11-19 18:02:31,034 [WARN] PackLoader:240 - Cannot read IP mode file for STMicroelectronics.X-CUBE-NFC12.1.0.0
2025-11-19 18:02:31,081 [WARN] PackLoader:240 - Cannot read IP mode file for STMicroelectronics.X-CUBE-AZRTOS-L5.2.0.0
2025-11-19 18:02:31,111 [WARN] PackLoader:240 - Cannot read IP mode file for STMicroelectronics.X-CUBE-NFC6.3.1.0
2025-11-19 18:02:31,189 [WARN] PackLoader:240 - Cannot read IP mode file for STMicroelectronics.X-CUBE-FREERTOS.1.3.1
2025-11-19 18:02:31,207 [WARN] PackLoader:240 - Cannot read IP mode file for STMicroelectronics.X-CUBE-TOUCHGFX.4.26.0
2025-11-19 18:02:31,239 [WARN] PackLoader:240 - Cannot read IP mode file for STMicroelectronics.FP-SNS-STAIOTCFT.1.0.0
2025-11-19 18:02:31,256 [WARN] PackLoader:240 - Cannot read IP mode file for STMicroelectronics.X-CUBE-DPower.1.3.0
2025-11-19 18:02:31,297 [WARN] ConditionMgr:438 - getConditionDescription Invalid condition id : LAN8742 Phy interface Condition cause : null
2025-11-19 18:02:31,298 [WARN] PackLoader:240 - Cannot read IP mode file for STMicroelectronics.X-CUBE-AZRTOS-L4.2.0.0
2025-11-19 18:02:31,299 [WARN] ConditionMgr:1044 - genDependencies : Invalid condition id : LAN8742 Phy interface Condition cause : null
2025-11-19 18:02:31,299 [WARN] ConditionMgr:1044 - genDependencies : Invalid condition id : LAN8742 Phy interface Condition cause : null
2025-11-19 18:02:31,300 [WARN] ConditionMgr:1044 - genDependencies : Invalid condition id : LAN8742 Phy interface Condition cause : null
2025-11-19 18:02:31,328 [WARN] PackLoader:240 - Cannot read IP mode file for STMicroelectronics.X-CUBE-SFXS2LP1.4.0.0
2025-11-19 18:02:31,377 [WARN] PackLoader:240 - Cannot read IP mode file for STMicroelectronics.X-CUBE-BLEMGR.4.1.0
2025-11-19 18:02:31,423 [WARN] ConditionMgr:438 - getConditionDescription Invalid condition id : UX DEVICE CLASS RTOS Condition cause : null
2025-11-19 18:02:31,423 [WARN] ConditionMgr:438 - getConditionDescription Invalid condition id : UX DEVICE CLASS RTOS Condition cause : null
2025-11-19 18:02:31,426 [WARN] PackLoader:240 - Cannot read IP mode file for STMicroelectronics.X-CUBE-AZRTOS-WB.2.0.0
2025-11-19 18:02:31,427 [WARN] ConditionMgr:1044 - genDependencies : Invalid condition id : UX DEVICE CLASS RTOS Condition cause : null
2025-11-19 18:02:31,427 [WARN] ConditionMgr:1044 - genDependencies : Invalid condition id : UX DEVICE CLASS RTOS Condition cause : null
2025-11-19 18:02:31,428 [WARN] ConditionMgr:1044 - genDependencies : Invalid condition id : UX DEVICE CLASS RTOS Condition cause : null
2025-11-19 18:02:31,428 [WARN] ConditionMgr:1044 - genDependencies : Invalid condition id : UX DEVICE CLASS RTOS Condition cause : null
2025-11-19 18:02:31,428 [WARN] ConditionMgr:1044 - genDependencies : Invalid condition id : UX DEVICE CLASS RTOS Condition cause : null
2025-11-19 18:02:31,435 [WARN] PackLoader:240 - Cannot read IP mode file for STMicroelectronics.X-CUBE-GNSS1.7.0.1
2025-11-19 18:02:31,466 [WARN] PackLoader:240 - Cannot read IP mode file for STMicroelectronics.X-CUBE-TOUCHGFX.4.25.0
2025-11-19 18:02:31,504 [WARN] ConditionMgr:438 - getConditionDescription Invalid condition id : Cortex-A Device cause : null
2025-11-19 18:02:31,510 [WARN] ConditionMgr:1044 - genDependencies : Invalid condition id : Cortex-A Device cause : null
2025-11-19 18:02:31,510 [WARN] ConditionMgr:1044 - genDependencies : Invalid condition id : Cortex-A Device cause : null
2025-11-19 18:02:31,510 [WARN] ConditionMgr:1044 - genDependencies : Invalid condition id : Cortex-A Device cause : null
2025-11-19 18:02:31,570 [WARN] PackLoader:240 - Cannot read IP mode file for STMicroelectronics.X-CUBE-SUBG2.5.0.0
2025-11-19 18:02:31,620 [WARN] PackLoader:240 - Cannot read IP mode file for STMicroelectronics.X-CUBE-AZRTOS-H7RS.1.1.0
2025-11-19 18:02:31,654 [WARN] PackLoader:240 - Cannot read IP mode file for Cesanta.I-CUBE-Mongoose.7.13.0
2025-11-19 18:02:31,752 [WARN] PackLoader:240 - Cannot read IP mode file for STMicroelectronics.X-CUBE-AZRTOS-G4.2.0.0
2025-11-19 18:02:31,775 [WARN] PackLoader:240 - Cannot read IP mode file for wolfSSL.I-CUBE-wolfSSH.1.4.20
2025-11-19 18:02:31,808 [WARN] PackLoader:240 - Cannot read IP mode file for STMicroelectronics.X-CUBE-NFC7.2.0.0
2025-11-19 18:02:31,845 [WARN] PackLoader:240 - Cannot read IP mode file for STMicroelectronics.X-CUBE-IPS.3.1.0
2025-11-19 18:02:31,873 [WARN] PackLoader:240 - Cannot read IP mode file for STMicroelectronics.X-CUBE-ALS.1.0.2
2025-11-19 18:02:31,913 [WARN] PackLoader:240 - Cannot read IP mode file for STMicroelectronics.X-CUBE-STSE01.1.0.0
2025-11-19 18:02:31,948 [WARN] PackLoader:240 - Cannot read IP mode file for STMicroelectronics.X-CUBE-TOF1.3.4.3
2025-11-19 18:02:31,957 [INFO] ThirdParty:978 - Integrity check success = true
2025-11-19 18:02:31,957 [INFO] IntegrityCheckThread:100 - exiting critical section [integrity check]
2025-11-19 18:02:31,957 [INFO] IntegrityCheckThread:103 - End integrity checks thread
2025-11-19 18:02:55,445 [ERROR] LogOutputStream:75 - [STDERR_REDIRECT] 
